Archive member included to satisfy reference by file (symbol)

c:/program files (x86)/atmel/studio/7.0/toolchain/avr8/avr8-gnu-toolchain/bin/../lib/gcc/avr/5.4.0/avr5\libgcc.a(_mulsi3.o)
                              ReadADC.o (__mulsi3)
c:/program files (x86)/atmel/studio/7.0/toolchain/avr8/avr8-gnu-toolchain/bin/../lib/gcc/avr/5.4.0/avr5\libgcc.a(_udivmodqi4.o)
                              function_menu.o (__udivmodqi4)
c:/program files (x86)/atmel/studio/7.0/toolchain/avr8/avr8-gnu-toolchain/bin/../lib/gcc/avr/5.4.0/avr5\libgcc.a(_udivmodhi4.o)
                              RefVoltage.o (__udivmodhi4)
c:/program files (x86)/atmel/studio/7.0/toolchain/avr8/avr8-gnu-toolchain/bin/../lib/gcc/avr/5.4.0/avr5\libgcc.a(_divmodhi4.o)
                              function_menu.o (__divmodhi4)
c:/program files (x86)/atmel/studio/7.0/toolchain/avr8/avr8-gnu-toolchain/bin/../lib/gcc/avr/5.4.0/avr5\libgcc.a(_udivmodsi4.o)
                              DisplayValue.o (__udivmodsi4)
c:/program files (x86)/atmel/studio/7.0/toolchain/avr8/avr8-gnu-toolchain/bin/../lib/gcc/avr/5.4.0/avr5\libgcc.a(_divmodsi4.o)
                              main.o (__divmodsi4)
c:/program files (x86)/atmel/studio/7.0/toolchain/avr8/avr8-gnu-toolchain/bin/../lib/gcc/avr/5.4.0/avr5\libgcc.a(_negsi2.o)
                              c:/program files (x86)/atmel/studio/7.0/toolchain/avr8/avr8-gnu-toolchain/bin/../lib/gcc/avr/5.4.0/avr5\libgcc.a(_divmodsi4.o) (__negsi2)
c:/program files (x86)/atmel/studio/7.0/toolchain/avr8/avr8-gnu-toolchain/bin/../lib/gcc/avr/5.4.0/avr5\libgcc.a(_exit.o)
                              c:/program files (x86)/atmel/studio/7.0/toolchain/avr8/avr8-gnu-toolchain/bin/../lib/gcc/avr/5.4.0/../../../../avr/lib/avr5/crtatmega328p.o (exit)
c:/program files (x86)/atmel/studio/7.0/toolchain/avr8/avr8-gnu-toolchain/bin/../lib/gcc/avr/5.4.0/avr5\libgcc.a(_clear_bss.o)
                              lcd-routines.o (__do_clear_bss)
c:/program files (x86)/atmel/studio/7.0/toolchain/avr8/avr8-gnu-toolchain/bin/../lib/gcc/avr/5.4.0/avr5\libgcc.a(_umulhisi3.o)
                              main.o (__umulhisi3)
c:/program files (x86)/atmel/studio/7.0/toolchain/avr8/avr8-gnu-toolchain/bin/../lib/gcc/avr/5.4.0/avr5\libgcc.a(_usmulhisi3.o)
                              main.o (__usmulhisi3)
c:/program files (x86)/atmel/studio/7.0/toolchain/avr8/avr8-gnu-toolchain/bin/../lib/gcc/avr/5.4.0/avr5\libgcc.a(_muluhisi3.o)
                              main.o (__muluhisi3)
c:/program files (x86)/atmel/studio/7.0/toolchain/avr8/avr8-gnu-toolchain/bin/../lib/gcc/avr/5.4.0/avr5\libgcc.a(_mulshisi3.o)
                              ReadCapacity.o (__mulshisi3)
c:/program files (x86)/atmel/studio/7.0/toolchain/avr8/avr8-gnu-toolchain/bin/../lib/gcc/avr/5.4.0/avr5\libgcc.a(_umulsidi3.o)
                              GetFrequency.o (__umulsidi3)
c:/program files (x86)/atmel/studio/7.0/toolchain/avr8/avr8-gnu-toolchain/bin/../lib/gcc/avr/5.4.0/avr5\libgcc.a(_udivdi3.o)
                              GetFrequency.o (__udivdi3)
c:/program files (x86)/atmel/studio/7.0/toolchain/avr8/avr8-gnu-toolchain/bin/../lib/gcc/avr/5.4.0/avr5\libgcc.a(_udivmod64.o)
                              c:/program files (x86)/atmel/studio/7.0/toolchain/avr8/avr8-gnu-toolchain/bin/../lib/gcc/avr/5.4.0/avr5\libgcc.a(_udivdi3.o) (__udivmod64)
c:/program files (x86)/atmel/studio/7.0/toolchain/avr8/avr8-gnu-toolchain/bin/../lib/gcc/avr/5.4.0/avr5\libgcc.a(_prologue.o)
                              DisplayValue.o (__prologue_saves__)
c:/program files (x86)/atmel/studio/7.0/toolchain/avr8/avr8-gnu-toolchain/bin/../lib/gcc/avr/5.4.0/avr5\libgcc.a(_epilogue.o)
                              DisplayValue.o (__epilogue_restores__)
c:/program files (x86)/atmel/studio/7.0/toolchain/avr8/avr8-gnu-toolchain/bin/../lib/gcc/avr/5.4.0/avr5\libgcc.a(_muldi3_6.o)
                              c:/program files (x86)/atmel/studio/7.0/toolchain/avr8/avr8-gnu-toolchain/bin/../lib/gcc/avr/5.4.0/avr5\libgcc.a(_umulsidi3.o) (__muldi3_6)
c:/program files (x86)/atmel/studio/7.0/toolchain/avr8/avr8-gnu-toolchain/bin/../lib/gcc/avr/5.4.0/../../../../avr/lib/avr5\libc.a(ultoa_ncheck.o)
                              DisplayValue.o (__ultoa_ncheck)
c:/program files (x86)/atmel/studio/7.0/toolchain/avr8/avr8-gnu-toolchain/bin/../lib/gcc/avr/5.4.0/../../../../avr/lib/avr5\libc.a(utoa.o)
                              i2lcd.o (utoa)
c:/program files (x86)/atmel/studio/7.0/toolchain/avr8/avr8-gnu-toolchain/bin/../lib/gcc/avr/5.4.0/../../../../avr/lib/avr5\libc.a(utoa_ncheck.o)
                              c:/program files (x86)/atmel/studio/7.0/toolchain/avr8/avr8-gnu-toolchain/bin/../lib/gcc/avr/5.4.0/../../../../avr/lib/avr5\libc.a(utoa.o) (__utoa_ncheck)
c:/program files (x86)/atmel/studio/7.0/toolchain/avr8/avr8-gnu-toolchain/bin/../lib/gcc/avr/5.4.0/../../../../avr/lib/avr5\libc.a(strrev.o)
[...]
Memory Configuration

Name             Origin             Length             Attributes
text             0x00000000         0x00020000         xr
data             0x00800060         0x0000ffa0         rw !x
eeprom           0x00810000         0x00010000         rw !x
fuse             0x00820000         0x00000003         rw !x
lock             0x00830000         0x00000400         rw !x
signature        0x00840000         0x00000400         rw !x
user_signatures  0x00850000         0x00000400         rw !x
*default*        0x00000000         0xffffffff

Linker script and memory map

Address of section .data set to 0x800100
LOAD c:/program files (x86)/atmel/studio/7.0/toolchain/avr8/avr8-gnu-toolchain/bin/../lib/gcc/avr/5.4.0/../../../../avr/lib/avr5/crtatmega328p.o
LOAD lcd_hw_4_bit.o
LOAD lcd-routines.o
LOAD i2lcd.o
LOAD PinLayout.o
LOAD RvalOut.o
LOAD UfAusgabe.o
LOAD DisplayValue.o
LOAD swuart.o
LOAD wait1000ms.o
LOAD sleep_5ms.o
LOAD ReadADC.o
LOAD wait_for_key_ms.o
LOAD RefVoltage.o
LOAD get_log.o
LOAD main.o
LOAD Battery_check.o
LOAD CheckPins.o
LOAD GetResistance.o
LOAD ChargePin10ms.o
LOAD EntladePins.o
LOAD ReadCapacity.o
LOAD GetRLmultip.o
LOAD Calibrate_UR.o
LOAD show_Resis_Cap.o
LOAD ReadInductance.o
LOAD GetESR.o
LOAD GetVloss.o
LOAD GetFrequency.o
LOAD function_menu.o
LOAD message_key_released.o
LOAD ReadBigCap.o
LOAD CheckRotaryEncoder.o
LOAD CalibrationCap.o
LOAD ShowData.o
LOAD CheckUJT.o
LOAD EE_check_init.o
LOAD samplingADC.o
LOAD sampling_cap.o
LOAD sampling_lc.o
LOAD sampling_xtal.o
START GROUP
LOAD c:/program files (x86)/atmel/studio/7.0/toolchain/avr8/avr8-gnu-toolchain/bin/../lib/gcc/avr/5.4.0/avr5\libgcc.a
LOAD c:/program files (x86)/atmel/studio/7.0/toolchain/avr8/avr8-gnu-toolchain/bin/../lib/gcc/avr/5.4.0/../../../../avr/lib/avr5\libm.a
LOAD c:/program files (x86)/atmel/studio/7.0/toolchain/avr8/avr8-gnu-toolchain/bin/../lib/gcc/avr/5.4.0/../../../../avr/lib/avr5\libc.a
LOAD c:/program files (x86)/atmel/studio/7.0/toolchain/avr8/avr8-gnu-toolchain/bin/../lib/gcc/avr/5.4.0/../../../../avr/lib/avr5\libatmega328p.a
END GROUP
                0x00020000                __TEXT_REGION_LENGTH__ = DEFINED (__TEXT_REGION_LENGTH__)?__TEXT_REGION_LENGTH__:0x20000
                0x0000ffa0                __DATA_REGION_LENGTH__ = DEFINED (__DATA_REGION_LENGTH__)?__DATA_REGION_LENGTH__:0xffa0
                0x00010000                __EEPROM_REGION_LENGTH__ = DEFINED (__EEPROM_REGION_LENGTH__)?__EEPROM_REGION_LENGTH__:0x10000
                [0x00000003]                __FUSE_REGION_LENGTH__ = DEFINED (__FUSE_REGION_LENGTH__)?__FUSE_REGION_LENGTH__:0x400
                0x00000400                __LOCK_REGION_LENGTH__ = DEFINED (__LOCK_REGION_LENGTH__)?__LOCK_REGION_LENGTH__:0x400
                0x00000400                __SIGNATURE_REGION_LENGTH__ = DEFINED (__SIGNATURE_REGION_LENGTH__)?__SIGNATURE_REGION_LENGTH__:0x400
                0x00000400                __USER_SIGNATURE_REGION_LENGTH__ = DEFINED (__USER_SIGNATURE_REGION_LENGTH__)?__USER_SIGNATURE_REGION_LENGTH__:0x400

.hash
 *(.hash)

.dynsym
 *(.dynsym)

.dynstr
 *(.dynstr)

.gnu.version
 *(.gnu.version)

.gnu.version_d
 *(.gnu.version_d)

.gnu.version_r
 *(.gnu.version_r)

.rel.init
 *(.rel.init)

.rela.init
 *(.rela.init)

.rel.text
 *(.rel.text)
 *(.rel.text.*)
 *(.rel.gnu.linkonce.t*)

.rela.text
 *(.rela.text)
 *(.rela.text.*)
 *(.rela.gnu.linkonce.t*)

.rel.fini
 *(.rel.fini)

.rela.fini
 *(.rela.fini)

.rel.rodata
 *(.rel.rodata)
 *(.rel.rodata.*)
 *(.rel.gnu.linkonce.r*)

.rela.rodata
 *(.rela.rodata)
 *(.rela.rodata.*)
 *(.rela.gnu.linkonce.r*)

.rel.data
 *(.rel.data)
 *(.rel.data.*)
 *(.rel.gnu.linkonce.d*)

.rela.data
 *(.rela.data)
 *(.rela.data.*)
 *(.rela.gnu.linkonce.d*)

.rel.ctors
 *(.rel.ctors)

.rela.ctors
 *(.rela.ctors)

.rel.dtors
 *(.rel.dtors)

.rela.dtors
 *(.rela.dtors)

.rel.got
 *(.rel.got)

.rela.got
 *(.rela.got)

.rel.bss
 *(.rel.bss)

.rela.bss
 *(.rela.bss)

.rel.plt
 *(.rel.plt)

.rela.plt
 *(.rela.plt)

.text           0x00000000     0x6916
 *(.vectors)
 .vectors       0x00000000       0x68 c:/program files (x86)/atmel/studio/7.0/toolchain/avr8/avr8-gnu-toolchain/bin/../lib/gcc/avr/5.4.0/../../../../avr/lib/avr5/crtatmega328p.o
                0x00000000                __vector_default
                0x00000000                __vectors
 *(.vectors)
 *(.progmem.gcc*)
 .progmem.gcc   0x00000068      0x124 samplingADC.o
                0x00000068                samplingADC_freqgen_sck
                0x00000068                samplingADC_freqgen
                0x00000068                samplingADC
                0x0000018c                . = ALIGN (0x2)
                0x0000018c                __trampolines_start = .
 *(.trampolines)
 .trampolines   0x0000018c        0x0 linker stubs
 *(.trampolines*)
                0x0000018c                __trampolines_end = .
 *libprintf_flt.a:*(.progmem.data)
 *libc.a:*(.progmem.data)
 *(.progmem*)
 .progmem.data  0x0000018c      0x18f main.o
                0x0000018c                PinRLRHADCtab
                0x00000192                HelpCalibration_str
                0x000002a3                RHtab
                0x000002b5                LogTab
                0x0000031c                . = ALIGN (0x2)
 *fill*         0x0000031b        0x1 
 *(.jumptables)
 *(.jumptables*)
 *(.lowtext)
 *(.lowtext*)
                0x0000031c                __ctors_start = .
 *(.ctors)
                0x0000031c                __ctors_end = .
                0x0000031c                __dtors_start = .
 *(.dtors)
                0x0000031c                __dtors_end = .
 SORT(*)(.ctors)
 SORT(*)(.dtors)
 *(.init0)
 .init0         0x0000031c        0x0 c:/program files (x86)/atmel/studio/7.0/toolchain/avr8/avr8-gnu-toolchain/bin/../lib/gcc/avr/5.4.0/../../../../avr/lib/avr5/crtatmega328p.o
                0x0000031c                __init
 *(.init0)
 *(.init1)
 *(.init1)
 *(.init2)
 .init2         0x0000031c        0xc c:/program files (x86)/atmel/studio/7.0/toolchain/avr8/avr8-gnu-toolchain/bin/../lib/gcc/avr/5.4.0/../../../../avr/lib/avr5/crtatmega328p.o
 *(.init2)
 *(.init3)
 *(.init3)
 *(.init4)
 .init4         0x00000328       0x10 c:/program files (x86)/atmel/studio/7.0/toolchain/avr8/avr8-gnu-toolchain/bin/../lib/gcc/avr/5.4.0/avr5\libgcc.a(_clear_bss.o)
                0x00000328                __do_clear_bss
 *(.init4)
 *(.init5)
 *(.init5)
 *(.init6)
 *(.init6)
 *(.init7)
 *(.init7)
 *(.init8)
 *(.init8)
 *(.init9)
 .init9         0x00000338        0x8 c:/program files (x86)/atmel/studio/7.0/toolchain/avr8/avr8-gnu-toolchain/bin/../lib/gcc/avr/5.4.0/../../../../avr/lib/avr5/crtatmega328p.o
 *(.init9)
 *(.text)
 .text          0x00000340        0x2 c:/program files (x86)/atmel/studio/7.0/toolchain/avr8/avr8-gnu-toolchain/bin/../lib/gcc/avr/5.4.0/../../../../avr/lib/avr5/crtatmega328p.o
                0x00000340                __vector_22
                0x00000340                __vector_1
                0x00000340                __vector_24
                0x00000340                __bad_interrupt
                0x00000340                __vector_6
                0x00000340                __vector_3
                0x00000340                __vector_23
                0x00000340                __vector_25
                0x00000340                __vector_17
                0x00000340                __vector_19
                0x00000340                __vector_4
                0x00000340                __vector_9
                0x00000340                __vector_2
                0x00000340                __vector_15
                0x00000340                __vector_8
                0x00000340                __vector_14
                0x00000340                __vector_18
                0x00000340                __vector_20
 .text          0x00000342       0x5c lcd_hw_4_bit.o
                0x00000342                _lcd_hw_write
 .text          0x0000039e      0x2ca lcd-routines.o
                0x0000039e                lcd_save_position
                0x000003b0                lcd_data
                0x0000041c                lcd_testpin
                0x00000422                lcd_space
                0x00000428                lcd_spaces
                0x0000043a                lcd_equal
                0x00000440                lcd_command
                0x0000044a                lcd_set_cursor
                0x0000045e                lcd_restore_position
                0x0000046a                uart_newline
                0x00000474                lcd_line1
                0x00000484                lcd_clear
                0x00000490                lcd_line2
                0x000004a2                lcd_line3
                0x000004b4                lcd_line4
                0x000004c6                lcd_string
                0x000004dc                lcd_pgm_string
                0x000004f8                lcd_fix_string
                0x00000516                lcd_fix_customchar
                0x00000540                lcd_init
                0x000005b0                lcd_clear_line
                0x000005bc                lcd_next_line
                0x000005ee                lcd_next_line_wait
                0x000005fe                lcd_clear_line1
                0x00000606                lcd_clear_line2
                0x0000060e                lcd_set_pixels
                0x00000610                lcd_show_Cg
                0x00000640                lcd_show_rds
 .text          0x00000668       0x30 i2lcd.o
                0x00000668                i2lcd
                0x0000067e                u2lcd
                0x0000068e                i2lcd_space
                0x00000692                u2lcd_space
 .text          0x00000698       0x62 PinLayout.o
                0x00000698                PinLayout
                0x000006e6                Rnum2pins
 .text          0x000006fa       0x4c RvalOut.o
                0x000006fa                RvalOut
 .text          0x00000746       0xc4 UfAusgabe.o
                0x00000746                mVAusgabe
                0x00000762                UfAusgabe
                0x0000078e                SerienDiodenAusgabe
                0x000007b2                DiodeSymbol_withPins
                0x000007ca                DiodeSymbol_ApinCpin
                0x000007d8                DiodeSymbol_ACpin
                0x000007ea                DiodeSymbol_CpinApin
                0x000007f8                DiodeSymbol_CApin
 .text          0x0000080a      0x212 DisplayValue.o
                0x0000080a                DisplayValue
                0x000009de                DisplayValue16
                0x000009f4                Display_mV
                0x00000a08                Display_Hz
 .text          0x00000a1c       0x26 swuart.o
                0x00000a1c                uart_putc
 .text          0x00000a42       0x4c wait1000ms.o
                0x00000a42                wait5s
                0x00000a44                wait4s
                0x00000a46                wait3s
                0x00000a48                wait2s
                0x00000a4a                wait1000ms
                0x00000a4a                wait1s
                0x00000a4c                wait500ms
                0x00000a4e                wait400ms
                0x00000a50                wait300ms
                0x00000a52                wait200ms
                0x00000a54                wait100ms
                0x00000a56                wait50ms
                0x00000a58                wait40ms
                0x00000a5a                wait30ms
                0x00000a5c                wait20ms
                0x00000a5e                wait10ms
                0x00000a60                wait5ms
                0x00000a64                wait4ms
                0x00000a66                wait3ms
                0x00000a68                wait2ms
                0x00000a6a                wait1ms
                0x00000a6c                wait500us
                0x00000a6e                wait400us
                0x00000a70                wait300us
                0x00000a72                wait200us
                0x00000a74                wait100us
                0x00000a76                wait50us
                0x00000a78                wait40us
                0x00000a7a                wait30us
                0x00000a7c                wait20us
                0x00000a7e                wait10us
                0x00000a80                wait5us
                0x00000a82                wait4us
                0x00000a84                wait3us
                0x00000a86                wait2us
                0x00000a88                wait1us
                0x00000a8a                wait500ns
 .text          0x00000a8e       0x58 sleep_5ms.o
                0x00000a8e                sleep_5ms
 .text          0x00000ae6       0xfc ReadADC.o
                0x00000ae6                W20msReadADC
                0x00000aee                W10msReadADC
                0x00000af6                W5msReadADC
                0x00000afe                ReadADC
                0x00000bba                abs_diff
                0x00000bc6                vcc_diff
                0x00000bd0                unsigned_diff
 .text          0x00000be2       0xba wait_for_key_ms.o
                0x00000be2                wait_for_key_ms
                0x00000c5a                wait_for_key_5s_line2
 .text          0x00000c9c       0xb0 RefVoltage.o
                0x00000c9c                RefVoltage
 .text          0x00000d4c       0x48 get_log.o
                0x00000d4c                get_log
 .text          0x00000d94      0x91c main.o
                0x00000d94                __vector_7
                0x00000d96                __vector_21
                0x00000d98                search_vak_diode
                0x00000de0                init_parts
                0x00000e26                switch_tester_off
                0x00000e40                ShortedProbes
                0x00000ebc                AllProbesShorted
                0x00000eda                AutoCheck
                0x000015fe                mark_as_uncalibrated
                0x00001622                GetIr
 .text          0x000016b0       0x90 Battery_check.o
                0x000016b0                Battery_check
 .text          0x00001740      0xe6a CheckPins.o
                0x00001740                expand_FET_quadratic
                0x00001776                CheckPins
 .text          0x000025aa      0x42e GetResistance.o
                0x000025aa                GetResistance
 .text          0x000029d8       0x30 ChargePin10ms.o
                0x000029d8                ChargePin10ms
 .text          0x00002a08      0x120 EntladePins.o
                0x00002a08                EntladePins
 .text          0x00002b28      0x6a0 ReadCapacity.o
                0x00002b28                Scale_C_with_vcc
                0x00002ba8                ReadCapacity
                0x00003138                __vector_13
                0x00003184                __vector_10
 .text          0x000031c8       0x7e GetRLmultip.o
                0x000031c8                GetRLmultip
 .text          0x00003246      0x1a2 Calibrate_UR.o
                0x00003246                Calibrate_UR
 .text          0x000033e8      0x44e show_Resis_Cap.o
                0x000033e8                show_resis
                0x00003572                show_cap
                0x000036a8                Bat_update
                0x000036c2                Pwr_mode_check
                0x000036d6                show_Resis13
                0x0000374c                show_Cap13
 .text          0x00003836      0x474 ReadInductance.o
                0x00003836                ReadInductance
 .text          0x00003caa      0x34e GetESR.o
                0x00003caa                GetESR
 .text          0x00003ff8      0x160 GetVloss.o
                0x00003ff8                GetVloss
 .text          0x00004158      0x42a GetFrequency.o
                0x00004158                GetFrequency
                0x00004496                __vector_16
                0x000044e2                __vector_11
                0x000044fe                __vector_12
                0x0000451a                __vector_5
 .text          0x00004582      0x6dc function_menu.o
                0x00004582                message2line
                0x00004602                show_C_ESR
                0x000046cc                show_vext
                0x000046ce                make_frequency
                0x000049da                do_10bit_PWM
                0x00004b0a                set_big_cap_corr
                0x00004ba4                do_menu
                0x00004c04                function_menu
 .text          0x00004c5e       0x2a message_key_released.o
                0x00004c5e                message_key_released
 .text          0x00004c88      0x278 ReadBigCap.o
                0x00004c88                ReadBigCap
 .text          0x00004f00        0x0 CheckRotaryEncoder.o
 .text          0x00004f00        0x0 CalibrationCap.o
 .text          0x00004f00      0x224 ShowData.o
                0x00004f00                ShowData
 .text          0x00005124        0x0 CheckUJT.o
 .text          0x00005124        0x2 EE_check_init.o
                0x00005124                EE_check_init
 .text          0x00005126        0x0 samplingADC.o
 .text          0x00005126      0x31e sampling_cap.o
                0x000051de                sampling_cap
                0x00005356                sampling_cap_calibrate
 .text          0x00005444      0x5da sampling_lc.o
                0x00005688                sampling_lc
                0x00005992                sampling_lc_calibrate
 .text          0x00005a1e        0x0 sampling_xtal.o
 .text          0x00005a1e        0x0 c:/program files (x86)/atmel/studio/7.0/toolchain/avr8/avr8-gnu-toolchain/bin/../lib/gcc/avr/5.4.0/avr5\libgcc.a(_mulsi3.o)
 .text          0x00005a1e        0x0 c:/program files (x86)/atmel/studio/7.0/toolchain/avr8/avr8-gnu-toolchain/bin/../lib/gcc/avr/5.4.0/avr5\libgcc.a(_udivmodqi4.o)
 .text          0x00005a1e        0x0 c:/program files (x86)/atmel/studio/7.0/toolchain/avr8/avr8-gnu-toolchain/bin/../lib/gcc/avr/5.4.0/avr5\libgcc.a(_udivmodhi4.o)
 .text          0x00005a1e        0x0 c:/program files (x86)/atmel/studio/7.0/toolchain/avr8/avr8-gnu-toolchain/bin/../lib/gcc/avr/5.4.0/avr5\libgcc.a(_divmodhi4.o)
 .text          0x00005a1e        0x0 c:/program files (x86)/atmel/studio/7.0/toolchain/avr8/avr8-gnu-toolchain/bin/../lib/gcc/avr/5.4.0/avr5\libgcc.a(_udivmodsi4.o)
 .text          0x00005a1e        0x0 c:/program files (x86)/atmel/studio/7.0/toolchain/avr8/avr8-gnu-toolchain/bin/../lib/gcc/avr/5.4.0/avr5\libgcc.a(_divmodsi4.o)
 .text          0x00005a1e        0x0 c:/program files (x86)/atmel/studio/7.0/toolchain/avr8/avr8-gnu-toolchain/bin/../lib/gcc/avr/5.4.0/avr5\libgcc.a(_negsi2.o)
 .text          0x00005a1e        0x0 c:/program files (x86)/atmel/studio/7.0/toolchain/avr8/avr8-gnu-toolchain/bin/../lib/gcc/avr/5.4.0/avr5\libgcc.a(_exit.o)
 .text          0x00005a1e        0x0 c:/program files (x86)/atmel/studio/7.0/toolchain/avr8/avr8-gnu-toolchain/bin/../lib/gcc/avr/5.4.0/avr5\libgcc.a(_clear_bss.o)
 .text          0x00005a1e        0x0 c:/program files (x86)/atmel/studio/7.0/toolchain/avr8/avr8-gnu-toolchain/bin/../lib/gcc/avr/5.4.0/avr5\libgcc.a(_umulhisi3.o)
 .text          0x00005a1e        0x0 c:/program files (x86)/atmel/studio/7.0/toolchain/avr8/avr8-gnu-toolchain/bin/../lib/gcc/avr/5.4.0/avr5\libgcc.a(_usmulhisi3.o)
 .text          0x00005a1e        0x0 c:/program files (x86)/atmel/studio/7.0/toolchain/avr8/avr8-gnu-toolchain/bin/../lib/gcc/avr/5.4.0/avr5\libgcc.a(_muluhisi3.o)
 .text          0x00005a1e        0x0 c:/program files (x86)/atmel/studio/7.0/toolchain/avr8/avr8-gnu-toolchain/bin/../lib/gcc/avr/5.4.0/avr5\libgcc.a(_mulshisi3.o)
 .text          0x00005a1e        0x0 c:/program files (x86)/atmel/studio/7.0/toolchain/avr8/avr8-gnu-toolchain/bin/../lib/gcc/avr/5.4.0/avr5\libgcc.a(_umulsidi3.o)
 .text          0x00005a1e        0x0 c:/program files (x86)/atmel/studio/7.0/toolchain/avr8/avr8-gnu-toolchain/bin/../lib/gcc/avr/5.4.0/avr5\libgcc.a(_udivdi3.o)
 .text          0x00005a1e        0x0 c:/program files (x86)/atmel/studio/7.0/toolchain/avr8/avr8-gnu-toolchain/bin/../lib/gcc/avr/5.4.0/avr5\libgcc.a(_udivmod64.o)
 .text          0x00005a1e        0x0 c:/program files (x86)/atmel/studio/7.0/toolchain/avr8/avr8-gnu-toolchain/bin/../lib/gcc/avr/5.4.0/avr5\libgcc.a(_prologue.o)
 .text          0x00005a1e        0x0 c:/program files (x86)/atmel/studio/7.0/toolchain/avr8/avr8-gnu-toolchain/bin/../lib/gcc/avr/5.4.0/avr5\libgcc.a(_epilogue.o)
 .text          0x00005a1e        0x0 c:/program files (x86)/atmel/studio/7.0/toolchain/avr8/avr8-gnu-toolchain/bin/../lib/gcc/avr/5.4.0/avr5\libgcc.a(_muldi3_6.o)
 .text          0x00005a1e        0x0 c:/program files (x86)/atmel/studio/7.0/toolchain/avr8/avr8-gnu-toolchain/bin/../lib/gcc/avr/5.4.0/../../../../avr/lib/avr5\libc.a(ultoa_ncheck.o)
 .text          0x00005a1e        0x0 c:/program files (x86)/atmel/studio/7.0/toolchain/avr8/avr8-gnu-toolchain/bin/../lib/gcc/avr/5.4.0/../../../../avr/lib/avr5\libc.a(utoa.o)
 .text          0x00005a1e        0x0 c:/program files (x86)/atmel/studio/7.0/toolchain/avr8/avr8-gnu-toolchain/bin/../lib/gcc/avr/5.4.0/../../../../avr/lib/avr5\libc.a(utoa_ncheck.o)
 .text          0x00005a1e        0x0 c:/program files (x86)/atmel/studio/7.0/toolchain/avr8/avr8-gnu-toolchain/bin/../lib/gcc/avr/5.4.0/../../../../avr/lib/avr5\libc.a(strrev.o)
 .text          0x00005a1e        0x0 c:/program files (x86)/atmel/studio/7.0/toolchain/avr8/avr8-gnu-toolchain/bin/../lib/gcc/avr/5.4.0/../../../../avr/lib/avr5\libatmega328p.a(eerd_byte.o)
 .text          0x00005a1e        0x0 c:/program files (x86)/atmel/studio/7.0/toolchain/avr8/avr8-gnu-toolchain/bin/../lib/gcc/avr/5.4.0/../../../../avr/lib/avr5\libatmega328p.a(eerd_word.o)
 .text          0x00005a1e        0x0 c:/program files (x86)/atmel/studio/7.0/toolchain/avr8/avr8-gnu-toolchain/bin/../lib/gcc/avr/5.4.0/../../../../avr/lib/avr5\libatmega328p.a(eewr_byte.o)
 .text          0x00005a1e        0x0 c:/program files (x86)/atmel/studio/7.0/toolchain/avr8/avr8-gnu-toolchain/bin/../lib/gcc/avr/5.4.0/../../../../avr/lib/avr5\libatmega328p.a(eewr_word.o)
 .text          0x00005a1e        0x0 c:/program files (x86)/atmel/studio/7.0/toolchain/avr8/avr8-gnu-toolchain/bin/../lib/gcc/avr/5.4.0/../../../../avr/lib/avr5\libatmega328p.a(eerd_block.o)
                0x00005a1e                . = ALIGN (0x2)
 *(.text.*)
 .text.startup  0x00005a1e      0xb1e main.o
                0x00005a1e                main
 .text.libgcc.mul
                0x0000653c       0x1e c:/program files (x86)/atmel/studio/7.0/toolchain/avr8/avr8-gnu-toolchain/bin/../lib/gcc/avr/5.4.0/avr5\libgcc.a(_mulsi3.o)
                0x0000653c                __mulsi3
 .text.libgcc.div
                0x0000655a        0x0 c:/program files (x86)/atmel/studio/7.0/toolchain/avr8/avr8-gnu-toolchain/bin/../lib/gcc/avr/5.4.0/avr5\libgcc.a(_mulsi3.o)
 .text.libgcc   0x0000655a        0x0 c:/program files (x86)/atmel/studio/7.0/toolchain/avr8/avr8-gnu-toolchain/bin/../lib/gcc/avr/5.4.0/avr5\libgcc.a(_mulsi3.o)
 .text.libgcc.prologue
                0x0000655a        0x0 c:/program files (x86)/atmel/studio/7.0/toolchain/avr8/avr8-gnu-toolchain/bin/../lib/gcc/avr/5.4.0/avr5\libgcc.a(_mulsi3.o)
 .text.libgcc.builtins
                0x0000655a        0x0 c:/program files (x86)/atmel/studio/7.0/toolchain/avr8/avr8-gnu-toolchain/bin/../lib/gcc/avr/5.4.0/avr5\libgcc.a(_mulsi3.o)
 .text.libgcc.fmul
                0x0000655a        0x0 c:/program files (x86)/atmel/studio/7.0/toolchain/avr8/avr8-gnu-toolchain/bin/../lib/gcc/avr/5.4.0/avr5\libgcc.a(_mulsi3.o)
 .text.libgcc.fixed
                0x0000655a        0x0 c:/program files (x86)/atmel/studio/7.0/toolchain/avr8/avr8-gnu-toolchain/bin/../lib/gcc/avr/5.4.0/avr5\libgcc.a(_mulsi3.o)
 .text.libgcc.mul
                0x0000655a        0x0 c:/program files (x86)/atmel/studio/7.0/toolchain/avr8/avr8-gnu-toolchain/bin/../lib/gcc/avr/5.4.0/avr5\libgcc.a(_udivmodqi4.o)
 .text.libgcc.div
                0x0000655a       0x18 c:/program files (x86)/atmel/studio/7.0/toolchain/avr8/avr8-gnu-toolchain/bin/../lib/gcc/avr/5.4.0/avr5\libgcc.a(_udivmodqi4.o)
                0x0000655a                __udivmodqi4
 .text.libgcc   0x00006572        0x0 c:/program files (x86)/atmel/studio/7.0/toolchain/avr8/avr8-gnu-toolchain/bin/../lib/gcc/avr/5.4.0/avr5\libgcc.a(_udivmodqi4.o)
 .text.libgcc.prologue
                0x00006572        0x0 c:/program files (x86)/atmel/studio/7.0/toolchain/avr8/avr8-gnu-toolchain/bin/../lib/gcc/avr/5.4.0/avr5\libgcc.a(_udivmodqi4.o)
 .text.libgcc.builtins
                0x00006572        0x0 c:/program files (x86)/atmel/studio/7.0/toolchain/avr8/avr8-gnu-toolchain/bin/../lib/gcc/avr/5.4.0/avr5\libgcc.a(_udivmodqi4.o)
 .text.libgcc.fmul
                0x00006572        0x0 c:/program files (x86)/atmel/studio/7.0/toolchain/avr8/avr8-gnu-toolchain/bin/../lib/gcc/avr/5.4.0/avr5\libgcc.a(_udivmodqi4.o)
 .text.libgcc.fixed
                0x00006572        0x0 c:/program files (x86)/atmel/studio/7.0/toolchain/avr8/avr8-gnu-toolchain/bin/../lib/gcc/avr/5.4.0/avr5\libgcc.a(_udivmodqi4.o)
 .text.libgcc.mul
                0x00006572        0x0 c:/program files (x86)/atmel/studio/7.0/toolchain/avr8/avr8-gnu-toolchain/bin/../lib/gcc/avr/5.4.0/avr5\libgcc.a(_udivmodhi4.o)
 .text.libgcc.div
                0x00006572       0x28 c:/program files (x86)/atmel/studio/7.0/toolchain/avr8/avr8-gnu-toolchain/bin/../lib/gcc/avr/5.4.0/avr5\libgcc.a(_udivmodhi4.o)
                0x00006572                __udivmodhi4
 .text.libgcc   0x0000659a        0x0 c:/program files (x86)/atmel/studio/7.0/toolchain/avr8/avr8-gnu-toolchain/bin/../lib/gcc/avr/5.4.0/avr5\libgcc.a(_udivmodhi4.o)
 .text.libgcc.prologue
                0x0000659a        0x0 c:/program files (x86)/atmel/studio/7.0/toolchain/avr8/avr8-gnu-toolchain/bin/../lib/gcc/avr/5.4.0/avr5\libgcc.a(_udivmodhi4.o)
 .text.libgcc.builtins
                0x0000659a        0x0 c:/program files (x86)/atmel/studio/7.0/toolchain/avr8/avr8-gnu-toolchain/bin/../lib/gcc/avr/5.4.0/avr5\libgcc.a(_udivmodhi4.o)
 .text.libgcc.fmul
                0x0000659a        0x0 c:/program files (x86)/atmel/studio/7.0/toolchain/avr8/avr8-gnu-toolchain/bin/../lib/gcc/avr/5.4.0/avr5\libgcc.a(_udivmodhi4.o)
 .text.libgcc.fixed
                0x0000659a        0x0 c:/program files (x86)/atmel/studio/7.0/toolchain/avr8/avr8-gnu-toolchain/bin/../lib/gcc/avr/5.4.0/avr5\libgcc.a(_udivmodhi4.o)
 .text.libgcc.mul
                0x0000659a        0x0 c:/program files (x86)/atmel/studio/7.0/toolchain/avr8/avr8-gnu-toolchain/bin/../lib/gcc/avr/5.4.0/avr5\libgcc.a(_divmodhi4.o)
 .text.libgcc.div
                0x0000659a       0x26 c:/program files (x86)/atmel/studio/7.0/toolchain/avr8/avr8-gnu-toolchain/bin/../lib/gcc/avr/5.4.0/avr5\libgcc.a(_divmodhi4.o)
                0x0000659a                _div
                0x0000659a                __divmodhi4
 .text.libgcc   0x000065c0        0x0 c:/program files (x86)/atmel/studio/7.0/toolchain/avr8/avr8-gnu-toolchain/bin/../lib/gcc/avr/5.4.0/avr5\libgcc.a(_divmodhi4.o)
 .text.libgcc.prologue
                0x000065c0        0x0 c:/program files (x86)/atmel/studio/7.0/toolchain/avr8/avr8-gnu-toolchain/bin/../lib/gcc/avr/5.4.0/avr5\libgcc.a(_divmodhi4.o)
 .text.libgcc.builtins
                0x000065c0        0x0 c:/program files (x86)/atmel/studio/7.0/toolchain/avr8/avr8-gnu-toolchain/bin/../lib/gcc/avr/5.4.0/avr5\libgcc.a(_divmodhi4.o)
 .text.libgcc.fmul
                0x000065c0        0x0 c:/program files (x86)/atmel/studio/7.0/toolchain/avr8/avr8-gnu-toolchain/bin/../lib/gcc/avr/5.4.0/avr5\libgcc.a(_divmodhi4.o)
 .text.libgcc.fixed
                0x000065c0        0x0 c:/program files (x86)/atmel/studio/7.0/toolchain/avr8/avr8-gnu-toolchain/bin/../lib/gcc/avr/5.4.0/avr5\libgcc.a(_divmodhi4.o)
 .text.libgcc.mul
                0x000065c0        0x0 c:/program files (x86)/atmel/studio/7.0/toolchain/avr8/avr8-gnu-toolchain/bin/../lib/gcc/avr/5.4.0/avr5\libgcc.a(_udivmodsi4.o)
 .text.libgcc.div
                0x000065c0       0x44 c:/program files (x86)/atmel/studio/7.0/toolchain/avr8/avr8-gnu-toolchain/bin/../lib/gcc/avr/5.4.0/avr5\libgcc.a(_udivmodsi4.o)
                0x000065c0                __udivmodsi4
 .text.libgcc   0x00006604        0x0 c:/program files (x86)/atmel/studio/7.0/toolchain/avr8/avr8-gnu-toolchain/bin/../lib/gcc/avr/5.4.0/avr5\libgcc.a(_udivmodsi4.o)
 .text.libgcc.prologue
                0x00006604        0x0 c:/program files (x86)/atmel/studio/7.0/toolchain/avr8/avr8-gnu-toolchain/bin/../lib/gcc/avr/5.4.0/avr5\libgcc.a(_udivmodsi4.o)
 .text.libgcc.builtins
                0x00006604        0x0 c:/program files (x86)/atmel/studio/7.0/toolchain/avr8/avr8-gnu-toolchain/bin/../lib/gcc/avr/5.4.0/avr5\libgcc.a(_udivmodsi4.o)
 .text.libgcc.fmul
                0x00006604        0x0 c:/program files (x86)/atmel/studio/7.0/toolchain/avr8/avr8-gnu-toolchain/bin/../lib/gcc/avr/5.4.0/avr5\libgcc.a(_udivmodsi4.o)
 .text.libgcc.fixed
                0x00006604        0x0 c:/program files (x86)/atmel/studio/7.0/toolchain/avr8/avr8-gnu-toolchain/bin/../lib/gcc/avr/5.4.0/avr5\libgcc.a(_udivmodsi4.o)
 .text.libgcc.mul
                0x00006604        0x0 c:/program files (x86)/atmel/studio/7.0/toolchain/avr8/avr8-gnu-toolchain/bin/../lib/gcc/avr/5.4.0/avr5\libgcc.a(_divmodsi4.o)
 .text.libgcc.div
                0x00006604       0x28 c:/program files (x86)/atmel/studio/7.0/toolchain/avr8/avr8-gnu-toolchain/bin/../lib/gcc/avr/5.4.0/avr5\libgcc.a(_divmodsi4.o)
                0x00006604                __divmodsi4
 .text.libgcc   0x0000662c        0x0 c:/program files (x86)/atmel/studio/7.0/toolchain/avr8/avr8-gnu-toolchain/bin/../lib/gcc/avr/5.4.0/avr5\libgcc.a(_divmodsi4.o)
 .text.libgcc.prologue
                0x0000662c        0x0 c:/program files (x86)/atmel/studio/7.0/toolchain/avr8/avr8-gnu-toolchain/bin/../lib/gcc/avr/5.4.0/avr5\libgcc.a(_divmodsi4.o)
 .text.libgcc.builtins
                0x0000662c        0x0 c:/program files (x86)/atmel/studio/7.0/toolchain/avr8/avr8-gnu-toolchain/bin/../lib/gcc/avr/5.4.0/avr5\libgcc.a(_divmodsi4.o)
 .text.libgcc.fmul
                0x0000662c        0x0 c:/program files (x86)/atmel/studio/7.0/toolchain/avr8/avr8-gnu-toolchain/bin/../lib/gcc/avr/5.4.0/avr5\libgcc.a(_divmodsi4.o)
 .text.libgcc.fixed
                0x0000662c        0x0 c:/program files (x86)/atmel/studio/7.0/toolchain/avr8/avr8-gnu-toolchain/bin/../lib/gcc/avr/5.4.0/avr5\libgcc.a(_divmodsi4.o)
 .text.libgcc.mul
                0x0000662c        0x0 c:/program files (x86)/atmel/studio/7.0/toolchain/avr8/avr8-gnu-toolchain/bin/../lib/gcc/avr/5.4.0/avr5\libgcc.a(_negsi2.o)
 .text.libgcc.div
                0x0000662c       0x10 c:/program files (x86)/atmel/studio/7.0/toolchain/avr8/avr8-gnu-toolchain/bin/../lib/gcc/avr/5.4.0/avr5\libgcc.a(_negsi2.o)
                0x0000662c                __negsi2
 .text.libgcc   0x0000663c        0x0 c:/program files (x86)/atmel/studio/7.0/toolchain/avr8/avr8-gnu-toolchain/bin/../lib/gcc/avr/5.4.0/avr5\libgcc.a(_negsi2.o)
 .text.libgcc.prologue
                0x0000663c        0x0 c:/program files (x86)/atmel/studio/7.0/toolchain/avr8/avr8-gnu-toolchain/bin/../lib/gcc/avr/5.4.0/avr5\libgcc.a(_negsi2.o)
 .text.libgcc.builtins
                0x0000663c        0x0 c:/program files (x86)/atmel/studio/7.0/toolchain/avr8/avr8-gnu-toolchain/bin/../lib/gcc/avr/5.4.0/avr5\libgcc.a(_negsi2.o)
 .text.libgcc.fmul
                0x0000663c        0x0 c:/program files (x86)/atmel/studio/7.0/toolchain/avr8/avr8-gnu-toolchain/bin/../lib/gcc/avr/5.4.0/avr5\libgcc.a(_negsi2.o)
 .text.libgcc.fixed
                0x0000663c        0x0 c:/program files (x86)/atmel/studio/7.0/toolchain/avr8/avr8-gnu-toolchain/bin/../lib/gcc/avr/5.4.0/avr5\libgcc.a(_negsi2.o)
 .text.libgcc.mul
                0x0000663c        0x0 c:/program files (x86)/atmel/studio/7.0/toolchain/avr8/avr8-gnu-toolchain/bin/../lib/gcc/avr/5.4.0/avr5\libgcc.a(_exit.o)
 .text.libgcc.div
                0x0000663c        0x0 c:/program files (x86)/atmel/studio/7.0/toolchain/avr8/avr8-gnu-toolchain/bin/../lib/gcc/avr/5.4.0/avr5\libgcc.a(_exit.o)
 .text.libgcc   0x0000663c        0x0 c:/program files (x86)/atmel/studio/7.0/toolchain/avr8/avr8-gnu-toolchain/bin/../lib/gcc/avr/5.4.0/avr5\libgcc.a(_exit.o)
 .text.libgcc.prologue
                0x0000663c        0x0 c:/program files (x86)/atmel/studio/7.0/toolchain/avr8/avr8-gnu-toolchain/bin/../lib/gcc/avr/5.4.0/avr5\libgcc.a(_exit.o)
 .text.libgcc.builtins
                0x0000663c        0x0 c:/program files (x86)/atmel/studio/7.0/toolchain/avr8/avr8-gnu-toolchain/bin/../lib/gcc/avr/5.4.0/avr5\libgcc.a(_exit.o)
 .text.libgcc.fmul
                0x0000663c        0x0 c:/program files (x86)/atmel/studio/7.0/toolchain/avr8/avr8-gnu-toolchain/bin/../lib/gcc/avr/5.4.0/avr5\libgcc.a(_exit.o)
 .text.libgcc.fixed
                0x0000663c        0x0 c:/program files (x86)/atmel/studio/7.0/toolchain/avr8/avr8-gnu-toolchain/bin/../lib/gcc/avr/5.4.0/avr5\libgcc.a(_exit.o)
 .text.libgcc.mul
                0x0000663c        0x0 c:/program files (x86)/atmel/studio/7.0/toolchain/avr8/avr8-gnu-toolchain/bin/../lib/gcc/avr/5.4.0/avr5\libgcc.a(_clear_bss.o)
 .text.libgcc.div
                0x0000663c        0x0 c:/program files (x86)/atmel/studio/7.0/toolchain/avr8/avr8-gnu-toolchain/bin/../lib/gcc/avr/5.4.0/avr5\libgcc.a(_clear_bss.o)
 .text.libgcc   0x0000663c        0x0 c:/program files (x86)/atmel/studio/7.0/toolchain/avr8/avr8-gnu-toolchain/bin/../lib/gcc/avr/5.4.0/avr5\libgcc.a(_clear_bss.o)
 .text.libgcc.prologue
                0x0000663c        0x0 c:/program files (x86)/atmel/studio/7.0/toolchain/avr8/avr8-gnu-toolchain/bin/../lib/gcc/avr/5.4.0/avr5\libgcc.a(_clear_bss.o)
 .text.libgcc.builtins
                0x0000663c        0x0 c:/program files (x86)/atmel/studio/7.0/toolchain/avr8/avr8-gnu-toolchain/bin/../lib/gcc/avr/5.4.0/avr5\libgcc.a(_clear_bss.o)
 .text.libgcc.fmul
                0x0000663c        0x0 c:/program files (x86)/atmel/studio/7.0/toolchain/avr8/avr8-gnu-toolchain/bin/../lib/gcc/avr/5.4.0/avr5\libgcc.a(_clear_bss.o)
 .text.libgcc.fixed
                0x0000663c        0x0 c:/program files (x86)/atmel/studio/7.0/toolchain/avr8/avr8-gnu-toolchain/bin/../lib/gcc/avr/5.4.0/avr5\libgcc.a(_clear_bss.o)
 .text.libgcc.mul
                0x0000663c       0x1e c:/program files (x86)/atmel/studio/7.0/toolchain/avr8/avr8-gnu-toolchain/bin/../lib/gcc/avr/5.4.0/avr5\libgcc.a(_umulhisi3.o)
                0x0000663c                __umulhisi3
 .text.libgcc.div
                0x0000665a        0x0 c:/program files (x86)/atmel/studio/7.0/toolchain/avr8/avr8-gnu-toolchain/bin/../lib/gcc/avr/5.4.0/avr5\libgcc.a(_umulhisi3.o)
 .text.libgcc   0x0000665a        0x0 c:/program files (x86)/atmel/studio/7.0/toolchain/avr8/avr8-gnu-toolchain/bin/../lib/gcc/avr/5.4.0/avr5\libgcc.a(_umulhisi3.o)
 .text.libgcc.prologue
                0x0000665a        0x0 c:/program files (x86)/atmel/studio/7.0/toolchain/avr8/avr8-gnu-toolchain/bin/../lib/gcc/avr/5.4.0/avr5\libgcc.a(_umulhisi3.o)
 .text.libgcc.builtins
                0x0000665a        0x0 c:/program files (x86)/atmel/studio/7.0/toolchain/avr8/avr8-gnu-toolchain/bin/../lib/gcc/avr/5.4.0/avr5\libgcc.a(_umulhisi3.o)
 .text.libgcc.fmul
                0x0000665a        0x0 c:/program files (x86)/atmel/studio/7.0/toolchain/avr8/avr8-gnu-toolchain/bin/../lib/gcc/avr/5.4.0/avr5\libgcc.a(_umulhisi3.o)
 .text.libgcc.fixed
                0x0000665a        0x0 c:/program files (x86)/atmel/studio/7.0/toolchain/avr8/avr8-gnu-toolchain/bin/../lib/gcc/avr/5.4.0/avr5\libgcc.a(_umulhisi3.o)
 .text.libgcc.mul
                0x0000665a        0xc c:/program files (x86)/atmel/studio/7.0/toolchain/avr8/avr8-gnu-toolchain/bin/../lib/gcc/avr/5.4.0/avr5\libgcc.a(_usmulhisi3.o)
                0x0000665a                __usmulhisi3
                0x0000665c                __usmulhisi3_tail
 .text.libgcc.div
                0x00006666        0x0 c:/program files (x86)/atmel/studio/7.0/toolchain/avr8/avr8-gnu-toolchain/bin/../lib/gcc/avr/5.4.0/avr5\libgcc.a(_usmulhisi3.o)
 .text.libgcc   0x00006666        0x0 c:/program files (x86)/atmel/studio/7.0/toolchain/avr8/avr8-gnu-toolchain/bin/../lib/gcc/avr/5.4.0/avr5\libgcc.a(_usmulhisi3.o)
 .text.libgcc.prologue
                0x00006666        0x0 c:/program files (x86)/atmel/studio/7.0/toolchain/avr8/avr8-gnu-toolchain/bin/../lib/gcc/avr/5.4.0/avr5\libgcc.a(_usmulhisi3.o)
 .text.libgcc.builtins
                0x00006666        0x0 c:/program files (x86)/atmel/studio/7.0/toolchain/avr8/avr8-gnu-toolchain/bin/../lib/gcc/avr/5.4.0/avr5\libgcc.a(_usmulhisi3.o)
 .text.libgcc.fmul
                0x00006666        0x0 c:/program files (x86)/atmel/studio/7.0/toolchain/avr8/avr8-gnu-toolchain/bin/../lib/gcc/avr/5.4.0/avr5\libgcc.a(_usmulhisi3.o)
 .text.libgcc.fixed
                0x00006666        0x0 c:/program files (x86)/atmel/studio/7.0/toolchain/avr8/avr8-gnu-toolchain/bin/../lib/gcc/avr/5.4.0/avr5\libgcc.a(_usmulhisi3.o)
 .text.libgcc.mul
                0x00006666       0x14 c:/program files (x86)/atmel/studio/7.0/toolchain/avr8/avr8-gnu-toolchain/bin/../lib/gcc/avr/5.4.0/avr5\libgcc.a(_muluhisi3.o)
                0x00006666                __muluhisi3
 .text.libgcc.div
                0x0000667a        0x0 c:/program files (x86)/atmel/studio/7.0/toolchain/avr8/avr8-gnu-toolchain/bin/../lib/gcc/avr/5.4.0/avr5\libgcc.a(_muluhisi3.o)
 .text.libgcc   0x0000667a        0x0 c:/program files (x86)/atmel/studio/7.0/toolchain/avr8/avr8-gnu-toolchain/bin/../lib/gcc/avr/5.4.0/avr5\libgcc.a(_muluhisi3.o)
 .text.libgcc.prologue
                0x0000667a        0x0 c:/program files (x86)/atmel/studio/7.0/toolchain/avr8/avr8-gnu-toolchain/bin/../lib/gcc/avr/5.4.0/avr5\libgcc.a(_muluhisi3.o)
 .text.libgcc.builtins
                0x0000667a        0x0 c:/program files (x86)/atmel/studio/7.0/toolchain/avr8/avr8-gnu-toolchain/bin/../lib/gcc/avr/5.4.0/avr5\libgcc.a(_muluhisi3.o)
 .text.libgcc.fmul
                0x0000667a        0x0 c:/program files (x86)/atmel/studio/7.0/toolchain/avr8/avr8-gnu-toolchain/bin/../lib/gcc/avr/5.4.0/avr5\libgcc.a(_muluhisi3.o)
 .text.libgcc.fixed
                0x0000667a        0x0 c:/program files (x86)/atmel/studio/7.0/toolchain/avr8/avr8-gnu-toolchain/bin/../lib/gcc/avr/5.4.0/avr5\libgcc.a(_muluhisi3.o)
 .text.libgcc.mul
                0x0000667a        0xc c:/program files (x86)/atmel/studio/7.0/toolchain/avr8/avr8-gnu-toolchain/bin/../lib/gcc/avr/5.4.0/avr5\libgcc.a(_mulshisi3.o)
                0x0000667a                __mulshisi3
                0x0000667e                __mulohisi3
 .text.libgcc.div
                0x00006686        0x0 c:/program files (x86)/atmel/studio/7.0/toolchain/avr8/avr8-gnu-toolchain/bin/../lib/gcc/avr/5.4.0/avr5\libgcc.a(_mulshisi3.o)
 .text.libgcc   0x00006686        0x0 c:/program files (x86)/atmel/studio/7.0/toolchain/avr8/avr8-gnu-toolchain/bin/../lib/gcc/avr/5.4.0/avr5\libgcc.a(_mulshisi3.o)
 .text.libgcc.prologue
                0x00006686        0x0 c:/program files (x86)/atmel/studio/7.0/toolchain/avr8/avr8-gnu-toolchain/bin/../lib/gcc/avr/5.4.0/avr5\libgcc.a(_mulshisi3.o)
 .text.libgcc.builtins
                0x00006686        0x0 c:/program files (x86)/atmel/studio/7.0/toolchain/avr8/avr8-gnu-toolchain/bin/../lib/gcc/avr/5.4.0/avr5\libgcc.a(_mulshisi3.o)
 .text.libgcc.fmul
                0x00006686        0x0 c:/program files (x86)/atmel/studio/7.0/toolchain/avr8/avr8-gnu-toolchain/bin/../lib/gcc/avr/5.4.0/avr5\libgcc.a(_mulshisi3.o)
 .text.libgcc.fixed
                0x00006686        0x0 c:/program files (x86)/atmel/studio/7.0/toolchain/avr8/avr8-gnu-toolchain/bin/../lib/gcc/avr/5.4.0/avr5\libgcc.a(_mulshisi3.o)
 .text.libgcc.mul
                0x00006686       0x4e c:/program files (x86)/atmel/studio/7.0/toolchain/avr8/avr8-gnu-toolchain/bin/../lib/gcc/avr/5.4.0/avr5\libgcc.a(_umulsidi3.o)
                0x00006686                __umulsidi3
                0x00006688                __umulsidi3_helper
 .text.libgcc.div
                0x000066d4        0x0 c:/program files (x86)/atmel/studio/7.0/toolchain/avr8/avr8-gnu-toolchain/bin/../lib/gcc/avr/5.4.0/avr5\libgcc.a(_umulsidi3.o)
 .text.libgcc   0x000066d4        0x0 c:/program files (x86)/atmel/studio/7.0/toolchain/avr8/avr8-gnu-toolchain/bin/../lib/gcc/avr/5.4.0/avr5\libgcc.a(_umulsidi3.o)
 .text.libgcc.prologue
                0x000066d4        0x0 c:/program files (x86)/atmel/studio/7.0/toolchain/avr8/avr8-gnu-toolchain/bin/../lib/gcc/avr/5.4.0/avr5\libgcc.a(_umulsidi3.o)
 .text.libgcc.builtins
                0x000066d4        0x0 c:/program files (x86)/atmel/studio/7.0/toolchain/avr8/avr8-gnu-toolchain/bin/../lib/gcc/avr/5.4.0/avr5\libgcc.a(_umulsidi3.o)
 .text.libgcc.fmul
                0x000066d4        0x0 c:/program files (x86)/atmel/studio/7.0/toolchain/avr8/avr8-gnu-toolchain/bin/../lib/gcc/avr/5.4.0/avr5\libgcc.a(_umulsidi3.o)
 .text.libgcc.fixed
                0x000066d4        0x0 c:/program files (x86)/atmel/studio/7.0/toolchain/avr8/avr8-gnu-toolchain/bin/../lib/gcc/avr/5.4.0/avr5\libgcc.a(_umulsidi3.o)
 .text.libgcc.mul
                0x000066d4        0x0 c:/program files (x86)/atmel/studio/7.0/toolchain/avr8/avr8-gnu-toolchain/bin/../lib/gcc/avr/5.4.0/avr5\libgcc.a(_udivdi3.o)
 .text.libgcc.div
                0x000066d4       0x1a c:/program files (x86)/atmel/studio/7.0/toolchain/avr8/avr8-gnu-toolchain/bin/../lib/gcc/avr/5.4.0/avr5\libgcc.a(_udivdi3.o)
                0x000066d4                __umoddi3
                0x000066d8                __udivdi3
                0x000066da                __udivdi3_umoddi3
 .text.libgcc   0x000066ee        0x0 c:/program files (x86)/atmel/studio/7.0/toolchain/avr8/avr8-gnu-toolchain/bin/../lib/gcc/avr/5.4.0/avr5\libgcc.a(_udivdi3.o)
 .text.libgcc.prologue
                0x000066ee        0x0 c:/program files (x86)/atmel/studio/7.0/toolchain/avr8/avr8-gnu-toolchain/bin/../lib/gcc/avr/5.4.0/avr5\libgcc.a(_udivdi3.o)
 .text.libgcc.builtins
                0x000066ee        0x0 c:/program files (x86)/atmel/studio/7.0/toolchain/avr8/avr8-gnu-toolchain/bin/../lib/gcc/avr/5.4.0/avr5\libgcc.a(_udivdi3.o)
 .text.libgcc.fmul
                0x000066ee        0x0 c:/program files (x86)/atmel/studio/7.0/toolchain/avr8/avr8-gnu-toolchain/bin/../lib/gcc/avr/5.4.0/avr5\libgcc.a(_udivdi3.o)
 .text.libgcc.fixed
                0x000066ee        0x0 c:/program files (x86)/atmel/studio/7.0/toolchain/avr8/avr8-gnu-toolchain/bin/../lib/gcc/avr/5.4.0/avr5\libgcc.a(_udivdi3.o)
 .text.libgcc.mul
                0x000066ee        0x0 c:/program files (x86)/atmel/studio/7.0/toolchain/avr8/avr8-gnu-toolchain/bin/../lib/gcc/avr/5.4.0/avr5\libgcc.a(_udivmod64.o)
 .text.libgcc.div
                0x000066ee       0xa2 c:/program files (x86)/atmel/studio/7.0/toolchain/avr8/avr8-gnu-toolchain/bin/../lib/gcc/avr/5.4.0/avr5\libgcc.a(_udivmod64.o)
                0x000066ee                __udivmod64
 .text.libgcc   0x00006790        0x0 c:/program files (x86)/atmel/studio/7.0/toolchain/avr8/avr8-gnu-toolchain/bin/../lib/gcc/avr/5.4.0/avr5\libgcc.a(_udivmod64.o)
 .text.libgcc.prologue
                0x00006790        0x0 c:/program files (x86)/atmel/studio/7.0/toolchain/avr8/avr8-gnu-toolchain/bin/../lib/gcc/avr/5.4.0/avr5\libgcc.a(_udivmod64.o)
 .text.libgcc.builtins
                0x00006790        0x0 c:/program files (x86)/atmel/studio/7.0/toolchain/avr8/avr8-gnu-toolchain/bin/../lib/gcc/avr/5.4.0/avr5\libgcc.a(_udivmod64.o)
 .text.libgcc.fmul
                0x00006790        0x0 c:/program files (x86)/atmel/studio/7.0/toolchain/avr8/avr8-gnu-toolchain/bin/../lib/gcc/avr/5.4.0/avr5\libgcc.a(_udivmod64.o)
 .text.libgcc.fixed
                0x00006790        0x0 c:/program files (x86)/atmel/studio/7.0/toolchain/avr8/avr8-gnu-toolchain/bin/../lib/gcc/avr/5.4.0/avr5\libgcc.a(_udivmod64.o)
 .text.libgcc.mul
                0x00006790        0x0 c:/program files (x86)/atmel/studio/7.0/toolchain/avr8/avr8-gnu-toolchain/bin/../lib/gcc/avr/5.4.0/avr5\libgcc.a(_prologue.o)
 .text.libgcc.div
                0x00006790        0x0 c:/program files (x86)/atmel/studio/7.0/toolchain/avr8/avr8-gnu-toolchain/bin/../lib/gcc/avr/5.4.0/avr5\libgcc.a(_prologue.o)
 .text.libgcc   0x00006790        0x0 c:/program files (x86)/atmel/studio/7.0/toolchain/avr8/avr8-gnu-toolchain/bin/../lib/gcc/avr/5.4.0/avr5\libgcc.a(_prologue.o)
 .text.libgcc.prologue
                0x00006790       0x38 c:/program files (x86)/atmel/studio/7.0/toolchain/avr8/avr8-gnu-toolchain/bin/../lib/gcc/avr/5.4.0/avr5\libgcc.a(_prologue.o)
                0x00006790                __prologue_saves__
 .text.libgcc.builtins
                0x000067c8        0x0 c:/program files (x86)/atmel/studio/7.0/toolchain/avr8/avr8-gnu-toolchain/bin/../lib/gcc/avr/5.4.0/avr5\libgcc.a(_prologue.o)
 .text.libgcc.fmul
                0x000067c8        0x0 c:/program files (x86)/atmel/studio/7.0/toolchain/avr8/avr8-gnu-toolchain/bin/../lib/gcc/avr/5.4.0/avr5\libgcc.a(_prologue.o)
 .text.libgcc.fixed
                0x000067c8        0x0 c:/program files (x86)/atmel/studio/7.0/toolchain/avr8/avr8-gnu-toolchain/bin/../lib/gcc/avr/5.4.0/avr5\libgcc.a(_prologue.o)
 .text.libgcc.mul
                0x000067c8        0x0 c:/program files (x86)/atmel/studio/7.0/toolchain/avr8/avr8-gnu-toolchain/bin/../lib/gcc/avr/5.4.0/avr5\libgcc.a(_epilogue.o)
 .text.libgcc.div
                0x000067c8        0x0 c:/program files (x86)/atmel/studio/7.0/toolchain/avr8/avr8-gnu-toolchain/bin/../lib/gcc/avr/5.4.0/avr5\libgcc.a(_epilogue.o)
 .text.libgcc   0x000067c8        0x0 c:/program files (x86)/atmel/studio/7.0/toolchain/avr8/avr8-gnu-toolchain/bin/../lib/gcc/avr/5.4.0/avr5\libgcc.a(_epilogue.o)
 .text.libgcc.prologue
                0x000067c8       0x36 c:/program files (x86)/atmel/studio/7.0/toolchain/avr8/avr8-gnu-toolchain/bin/../lib/gcc/avr/5.4.0/avr5\libgcc.a(_epilogue.o)
                0x000067c8                __epilogue_restores__
 .text.libgcc.builtins
                0x000067fe        0x0 c:/program files (x86)/atmel/studio/7.0/toolchain/avr8/avr8-gnu-toolchain/bin/../lib/gcc/avr/5.4.0/avr5\libgcc.a(_epilogue.o)
 .text.libgcc.fmul
                0x000067fe        0x0 c:/program files (x86)/atmel/studio/7.0/toolchain/avr8/avr8-gnu-toolchain/bin/../lib/gcc/avr/5.4.0/avr5\libgcc.a(_epilogue.o)
 .text.libgcc.fixed
                0x000067fe        0x0 c:/program files (x86)/atmel/studio/7.0/toolchain/avr8/avr8-gnu-toolchain/bin/../lib/gcc/avr/5.4.0/avr5\libgcc.a(_epilogue.o)
 .text.libgcc.mul
                0x000067fe       0x10 c:/program files (x86)/atmel/studio/7.0/toolchain/avr8/avr8-gnu-toolchain/bin/../lib/gcc/avr/5.4.0/avr5\libgcc.a(_muldi3_6.o)
                0x000067fe                __muldi3_6
 .text.libgcc.div
                0x0000680e        0x0 c:/program files (x86)/atmel/studio/7.0/toolchain/avr8/avr8-gnu-toolchain/bin/../lib/gcc/avr/5.4.0/avr5\libgcc.a(_muldi3_6.o)
 .text.libgcc   0x0000680e        0x0 c:/program files (x86)/atmel/studio/7.0/toolchain/avr8/avr8-gnu-toolchain/bin/../lib/gcc/avr/5.4.0/avr5\libgcc.a(_muldi3_6.o)
 .text.libgcc.prologue
                0x0000680e        0x0 c:/program files (x86)/atmel/studio/7.0/toolchain/avr8/avr8-gnu-toolchain/bin/../lib/gcc/avr/5.4.0/avr5\libgcc.a(_muldi3_6.o)
 .text.libgcc.builtins
                0x0000680e        0x0 c:/program files (x86)/atmel/studio/7.0/toolchain/avr8/avr8-gnu-toolchain/bin/../lib/gcc/avr/5.4.0/avr5\libgcc.a(_muldi3_6.o)
 .text.libgcc.fmul
                0x0000680e        0x0 c:/program files (x86)/atmel/studio/7.0/toolchain/avr8/avr8-gnu-toolchain/bin/../lib/gcc/avr/5.4.0/avr5\libgcc.a(_muldi3_6.o)
 .text.libgcc.fixed
                0x0000680e        0x0 c:/program files (x86)/atmel/studio/7.0/toolchain/avr8/avr8-gnu-toolchain/bin/../lib/gcc/avr/5.4.0/avr5\libgcc.a(_muldi3_6.o)
 .text.avr-libc
                0x0000680e       0x42 c:/program files (x86)/atmel/studio/7.0/toolchain/avr8/avr8-gnu-toolchain/bin/../lib/gcc/avr/5.4.0/../../../../avr/lib/avr5\libc.a(ultoa_ncheck.o)
                0x0000680e                __ultoa_ncheck
                0x00006810                __ultoa_common
 .text.avr-libc
                0x00006850       0x14 c:/program files (x86)/atmel/studio/7.0/toolchain/avr8/avr8-gnu-toolchain/bin/../lib/gcc/avr/5.4.0/../../../../avr/lib/avr5\libc.a(utoa.o)
                0x00006850                __utoa
                0x00006850                utoa
 .text.avr-libc
                0x00006864       0x32 c:/program files (x86)/atmel/studio/7.0/toolchain/avr8/avr8-gnu-toolchain/bin/../lib/gcc/avr/5.4.0/../../../../avr/lib/avr5\libc.a(utoa_ncheck.o)
                0x00006864                __utoa_ncheck
                0x00006866                __utoa_common
 .text.avr-libc
                0x00006896       0x20 c:/program files (x86)/atmel/studio/7.0/toolchain/avr8/avr8-gnu-toolchain/bin/../lib/gcc/avr/5.4.0/../../../../avr/lib/avr5\libc.a(strrev.o)
                0x00006896                strrev
 .text.avr-libc
                0x000068b6       0x10 c:/program files (x86)/atmel/studio/7.0/toolchain/avr8/avr8-gnu-toolchain/bin/../lib/gcc/avr/5.4.0/../../../../avr/lib/avr5\libatmega328p.a(eerd_byte.o)
                0x000068b6                eeprom_read_byte
 .text.avr-libc
                0x000068c6        0xa c:/program files (x86)/atmel/studio/7.0/toolchain/avr8/avr8-gnu-toolchain/bin/../lib/gcc/avr/5.4.0/../../../../avr/lib/avr5\libatmega328p.a(eerd_word.o)
                0x000068c6                eeprom_read_word
 .text.avr-libc
                0x000068d0       0x1c c:/program files (x86)/atmel/studio/7.0/toolchain/avr8/avr8-gnu-toolchain/bin/../lib/gcc/avr/5.4.0/../../../../avr/lib/avr5\libatmega328p.a(eewr_byte.o)
                0x000068d0                eeprom_write_byte
                0x000068d2                eeprom_write_r18
 .text.avr-libc
                0x000068ec        0x6 c:/program files (x86)/atmel/studio/7.0/toolchain/avr8/avr8-gnu-toolchain/bin/../lib/gcc/avr/5.4.0/../../../../avr/lib/avr5\libatmega328p.a(eewr_word.o)
                0x000068ec                eeprom_write_word
 .text.avr-libc
                0x000068f2       0x20 c:/program files (x86)/atmel/studio/7.0/toolchain/avr8/avr8-gnu-toolchain/bin/../lib/gcc/avr/5.4.0/../../../../avr/lib/avr5\libatmega328p.a(eerd_block.o)
                0x000068f2                eeprom_read_block
                0x000068f6                eeprom_read_blraw
                0x00006912                . = ALIGN (0x2)
 *(.fini9)
 .fini9         0x00006912        0x0 c:/program files (x86)/atmel/studio/7.0/toolchain/avr8/avr8-gnu-toolchain/bin/../lib/gcc/avr/5.4.0/avr5\libgcc.a(_exit.o)
                0x00006912                _exit
                0x00006912                exit
 *(.fini9)
 *(.fini8)
 *(.fini8)
 *(.fini7)
 *(.fini7)
 *(.fini6)
 *(.fini6)
 *(.fini5)
 *(.fini5)
 *(.fini4)
 *(.fini4)
 *(.fini3)
 *(.fini3)
 *(.fini2)
 *(.fini2)
 *(.fini1)
 *(.fini1)
 *(.fini0)
 .fini0         0x00006912        0x4 c:/program files (x86)/atmel/studio/7.0/toolchain/avr8/avr8-gnu-toolchain/bin/../lib/gcc/avr/5.4.0/avr5\libgcc.a(_exit.o)
 *(.fini0)
                0x00006916                _etext = .

.data           0x00800100        0x0 load address 0x00006916
                [!provide]                PROVIDE (__data_start, .)
 *(.data)
 .data          0x00800100        0x0 c:/program files (x86)/atmel/studio/7.0/toolchain/avr8/avr8-gnu-toolchain/bin/../lib/gcc/avr/5.4.0/../../../../avr/lib/avr5/crtatmega328p.o
 .data          0x00800100        0x0 lcd_hw_4_bit.o
 .data          0x00800100        0x0 lcd-routines.o
 .data          0x00800100        0x0 i2lcd.o
 .data          0x00800100        0x0 PinLayout.o
 .data          0x00800100        0x0 RvalOut.o
 .data          0x00800100        0x0 UfAusgabe.o
 .data          0x00800100        0x0 DisplayValue.o
 .data          0x00800100        0x0 swuart.o
 .data          0x00800100        0x0 wait1000ms.o
 .data          0x00800100        0x0 sleep_5ms.o
 .data          0x00800100        0x0 ReadADC.o
 .data          0x00800100        0x0 wait_for_key_ms.o
 .data          0x00800100        0x0 RefVoltage.o
 .data          0x00800100        0x0 get_log.o
 .data          0x00800100        0x0 main.o
 .data          0x00800100        0x0 Battery_check.o
 .data          0x00800100        0x0 CheckPins.o
 .data          0x00800100        0x0 GetResistance.o
 .data          0x00800100        0x0 ChargePin10ms.o
 .data          0x00800100        0x0 EntladePins.o
 .data          0x00800100        0x0 ReadCapacity.o
 .data          0x00800100        0x0 GetRLmultip.o
 .data          0x00800100        0x0 Calibrate_UR.o
 .data          0x00800100        0x0 show_Resis_Cap.o
 .data          0x00800100        0x0 ReadInductance.o
 .data          0x00800100        0x0 GetESR.o
 .data          0x00800100        0x0 GetVloss.o
 .data          0x00800100        0x0 GetFrequency.o
 .data          0x00800100        0x0 function_menu.o
 .data          0x00800100        0x0 message_key_released.o
 .data          0x00800100        0x0 ReadBigCap.o
 .data          0x00800100        0x0 CheckRotaryEncoder.o
 .data          0x00800100        0x0 CalibrationCap.o
 .data          0x00800100        0x0 ShowData.o
 .data          0x00800100        0x0 CheckUJT.o
 .data          0x00800100        0x0 EE_check_init.o
 .data          0x00800100        0x0 samplingADC.o
 .data          0x00800100        0x0 sampling_cap.o
 .data          0x00800100        0x0 sampling_lc.o
 .data          0x00800100        0x0 sampling_xtal.o
 .data          0x00800100        0x0 c:/program files (x86)/atmel/studio/7.0/toolchain/avr8/avr8-gnu-toolchain/bin/../lib/gcc/avr/5.4.0/avr5\libgcc.a(_mulsi3.o)
 .data          0x00800100        0x0 c:/program files (x86)/atmel/studio/7.0/toolchain/avr8/avr8-gnu-toolchain/bin/../lib/gcc/avr/5.4.0/avr5\libgcc.a(_udivmodqi4.o)
 .data          0x00800100        0x0 c:/program files (x86)/atmel/studio/7.0/toolchain/avr8/avr8-gnu-toolchain/bin/../lib/gcc/avr/5.4.0/avr5\libgcc.a(_udivmodhi4.o)
 .data          0x00800100        0x0 c:/program files (x86)/atmel/studio/7.0/toolchain/avr8/avr8-gnu-toolchain/bin/../lib/gcc/avr/5.4.0/avr5\libgcc.a(_divmodhi4.o)
 .data          0x00800100        0x0 c:/program files (x86)/atmel/studio/7.0/toolchain/avr8/avr8-gnu-toolchain/bin/../lib/gcc/avr/5.4.0/avr5\libgcc.a(_udivmodsi4.o)
 .data          0x00800100        0x0 c:/program files (x86)/atmel/studio/7.0/toolchain/avr8/avr8-gnu-toolchain/bin/../lib/gcc/avr/5.4.0/avr5\libgcc.a(_divmodsi4.o)
 .data          0x00800100        0x0 c:/program files (x86)/atmel/studio/7.0/toolchain/avr8/avr8-gnu-toolchain/bin/../lib/gcc/avr/5.4.0/avr5\libgcc.a(_negsi2.o)
 .data          0x00800100        0x0 c:/program files (x86)/atmel/studio/7.0/toolchain/avr8/avr8-gnu-toolchain/bin/../lib/gcc/avr/5.4.0/avr5\libgcc.a(_exit.o)
 .data          0x00800100        0x0 c:/program files (x86)/atmel/studio/7.0/toolchain/avr8/avr8-gnu-toolchain/bin/../lib/gcc/avr/5.4.0/avr5\libgcc.a(_clear_bss.o)
 .data          0x00800100        0x0 c:/program files (x86)/atmel/studio/7.0/toolchain/avr8/avr8-gnu-toolchain/bin/../lib/gcc/avr/5.4.0/avr5\libgcc.a(_umulhisi3.o)
 .data          0x00800100        0x0 c:/program files (x86)/atmel/studio/7.0/toolchain/avr8/avr8-gnu-toolchain/bin/../lib/gcc/avr/5.4.0/avr5\libgcc.a(_usmulhisi3.o)
 .data          0x00800100        0x0 c:/program files (x86)/atmel/studio/7.0/toolchain/avr8/avr8-gnu-toolchain/bin/../lib/gcc/avr/5.4.0/avr5\libgcc.a(_muluhisi3.o)
 .data          0x00800100        0x0 c:/program files (x86)/atmel/studio/7.0/toolchain/avr8/avr8-gnu-toolchain/bin/../lib/gcc/avr/5.4.0/avr5\libgcc.a(_mulshisi3.o)
 .data          0x00800100        0x0 c:/program files (x86)/atmel/studio/7.0/toolchain/avr8/avr8-gnu-toolchain/bin/../lib/gcc/avr/5.4.0/avr5\libgcc.a(_umulsidi3.o)
 .data          0x00800100        0x0 c:/program files (x86)/atmel/studio/7.0/toolchain/avr8/avr8-gnu-toolchain/bin/../lib/gcc/avr/5.4.0/avr5\libgcc.a(_udivdi3.o)
 .data          0x00800100        0x0 c:/program files (x86)/atmel/studio/7.0/toolchain/avr8/avr8-gnu-toolchain/bin/../lib/gcc/avr/5.4.0/avr5\libgcc.a(_udivmod64.o)
 .data          0x00800100        0x0 c:/program files (x86)/atmel/studio/7.0/toolchain/avr8/avr8-gnu-toolchain/bin/../lib/gcc/avr/5.4.0/avr5\libgcc.a(_prologue.o)
 .data          0x00800100        0x0 c:/program files (x86)/atmel/studio/7.0/toolchain/avr8/avr8-gnu-toolchain/bin/../lib/gcc/avr/5.4.0/avr5\libgcc.a(_epilogue.o)
 .data          0x00800100        0x0 c:/program files (x86)/atmel/studio/7.0/toolchain/avr8/avr8-gnu-toolchain/bin/../lib/gcc/avr/5.4.0/avr5\libgcc.a(_muldi3_6.o)
 .data          0x00800100        0x0 c:/program files (x86)/atmel/studio/7.0/toolchain/avr8/avr8-gnu-toolchain/bin/../lib/gcc/avr/5.4.0/../../../../avr/lib/avr5\libc.a(ultoa_ncheck.o)
 .data          0x00800100        0x0 c:/program files (x86)/atmel/studio/7.0/toolchain/avr8/avr8-gnu-toolchain/bin/../lib/gcc/avr/5.4.0/../../../../avr/lib/avr5\libc.a(utoa.o)
 .data          0x00800100        0x0 c:/program files (x86)/atmel/studio/7.0/toolchain/avr8/avr8-gnu-toolchain/bin/../lib/gcc/avr/5.4.0/../../../../avr/lib/avr5\libc.a(utoa_ncheck.o)
 .data          0x00800100        0x0 c:/program files (x86)/atmel/studio/7.0/toolchain/avr8/avr8-gnu-toolchain/bin/../lib/gcc/avr/5.4.0/../../../../avr/lib/avr5\libc.a(strrev.o)
 .data          0x00800100        0x0 c:/program files (x86)/atmel/studio/7.0/toolchain/avr8/avr8-gnu-toolchain/bin/../lib/gcc/avr/5.4.0/../../../../avr/lib/avr5\libatmega328p.a(eerd_byte.o)
 .data          0x00800100        0x0 c:/program files (x86)/atmel/studio/7.0/toolchain/avr8/avr8-gnu-toolchain/bin/../lib/gcc/avr/5.4.0/../../../../avr/lib/avr5\libatmega328p.a(eerd_word.o)
 .data          0x00800100        0x0 c:/program files (x86)/atmel/studio/7.0/toolchain/avr8/avr8-gnu-toolchain/bin/../lib/gcc/avr/5.4.0/../../../../avr/lib/avr5\libatmega328p.a(eewr_byte.o)
 .data          0x00800100        0x0 c:/program files (x86)/atmel/studio/7.0/toolchain/avr8/avr8-gnu-toolchain/bin/../lib/gcc/avr/5.4.0/../../../../avr/lib/avr5\libatmega328p.a(eewr_word.o)
 .data          0x00800100        0x0 c:/program files (x86)/atmel/studio/7.0/toolchain/avr8/avr8-gnu-toolchain/bin/../lib/gcc/avr/5.4.0/../../../../avr/lib/avr5\libatmega328p.a(eerd_block.o)
 *(.data*)
 *(.gnu.linkonce.d*)
 *(.rodata)
 *(.rodata*)
 *(.gnu.linkonce.r*)
                0x00800100                . = ALIGN (0x2)
                0x00800100                _edata = .
                [!provide]                PROVIDE (__data_end, .)

.bss            0x00800100       0xba
                0x00800100                PROVIDE (__bss_start, .)
 *(.bss)
 .bss           0x00800100        0x0 c:/program files (x86)/atmel/studio/7.0/toolchain/avr8/avr8-gnu-toolchain/bin/../lib/gcc/avr/5.4.0/../../../../avr/lib/avr5/crtatmega328p.o
 .bss           0x00800100        0x0 lcd_hw_4_bit.o
 .bss           0x00800100        0x0 lcd-routines.o
 .bss           0x00800100        0x0 i2lcd.o
 .bss           0x00800100        0x0 PinLayout.o
 .bss           0x00800100        0x0 RvalOut.o
 .bss           0x00800100        0x0 UfAusgabe.o
 .bss           0x00800100        0x0 DisplayValue.o
 .bss           0x00800100        0x0 swuart.o
 .bss           0x00800100        0x0 wait1000ms.o
 .bss           0x00800100        0x0 sleep_5ms.o
 .bss           0x00800100        0x0 ReadADC.o
 .bss           0x00800100        0x0 wait_for_key_ms.o
 .bss           0x00800100        0x0 RefVoltage.o
 .bss           0x00800100        0x0 get_log.o
 .bss           0x00800100        0x0 main.o
 .bss           0x00800100        0x0 Battery_check.o
 .bss           0x00800100        0x0 CheckPins.o
 .bss           0x00800100        0x0 GetResistance.o
 .bss           0x00800100        0x0 ChargePin10ms.o
 .bss           0x00800100        0x0 EntladePins.o
 .bss           0x00800100        0x0 ReadCapacity.o
 .bss           0x00800100        0x0 GetRLmultip.o
 .bss           0x00800100        0x0 Calibrate_UR.o
 .bss           0x00800100        0x0 show_Resis_Cap.o
 .bss           0x00800100        0x0 ReadInductance.o
 .bss           0x00800100        0x0 GetESR.o
 .bss           0x00800100        0x0 GetVloss.o
 .bss           0x00800100        0x0 GetFrequency.o
 .bss           0x00800100        0x0 function_menu.o
 .bss           0x00800100        0x0 message_key_released.o
 .bss           0x00800100        0x0 ReadBigCap.o
 .bss           0x00800100        0x0 CheckRotaryEncoder.o
 .bss           0x00800100        0x0 CalibrationCap.o
 .bss           0x00800100        0x0 ShowData.o
 .bss           0x00800100        0x0 CheckUJT.o
 .bss           0x00800100        0x0 EE_check_init.o
 .bss           0x00800100        0x0 samplingADC.o
 .bss           0x00800100        0x0 sampling_cap.o
 .bss           0x00800100        0x0 sampling_lc.o
 .bss           0x00800100        0x0 sampling_xtal.o
 .bss           0x00800100        0x0 c:/program files (x86)/atmel/studio/7.0/toolchain/avr8/avr8-gnu-toolchain/bin/../lib/gcc/avr/5.4.0/avr5\libgcc.a(_mulsi3.o)
 .bss           0x00800100        0x0 c:/program files (x86)/atmel/studio/7.0/toolchain/avr8/avr8-gnu-toolchain/bin/../lib/gcc/avr/5.4.0/avr5\libgcc.a(_udivmodqi4.o)
 .bss           0x00800100        0x0 c:/program files (x86)/atmel/studio/7.0/toolchain/avr8/avr8-gnu-toolchain/bin/../lib/gcc/avr/5.4.0/avr5\libgcc.a(_udivmodhi4.o)
 .bss           0x00800100        0x0 c:/program files (x86)/atmel/studio/7.0/toolchain/avr8/avr8-gnu-toolchain/bin/../lib/gcc/avr/5.4.0/avr5\libgcc.a(_divmodhi4.o)
 .bss           0x00800100        0x0 c:/program files (x86)/atmel/studio/7.0/toolchain/avr8/avr8-gnu-toolchain/bin/../lib/gcc/avr/5.4.0/avr5\libgcc.a(_udivmodsi4.o)
 .bss           0x00800100        0x0 c:/program files (x86)/atmel/studio/7.0/toolchain/avr8/avr8-gnu-toolchain/bin/../lib/gcc/avr/5.4.0/avr5\libgcc.a(_divmodsi4.o)
 .bss           0x00800100        0x0 c:/program files (x86)/atmel/studio/7.0/toolchain/avr8/avr8-gnu-toolchain/bin/../lib/gcc/avr/5.4.0/avr5\libgcc.a(_negsi2.o)
 .bss           0x00800100        0x0 c:/program files (x86)/atmel/studio/7.0/toolchain/avr8/avr8-gnu-toolchain/bin/../lib/gcc/avr/5.4.0/avr5\libgcc.a(_exit.o)
 .bss           0x00800100        0x0 c:/program files (x86)/atmel/studio/7.0/toolchain/avr8/avr8-gnu-toolchain/bin/../lib/gcc/avr/5.4.0/avr5\libgcc.a(_clear_bss.o)
 .bss           0x00800100        0x0 c:/program files (x86)/atmel/studio/7.0/toolchain/avr8/avr8-gnu-toolchain/bin/../lib/gcc/avr/5.4.0/avr5\libgcc.a(_umulhisi3.o)
 .bss           0x00800100        0x0 c:/program files (x86)/atmel/studio/7.0/toolchain/avr8/avr8-gnu-toolchain/bin/../lib/gcc/avr/5.4.0/avr5\libgcc.a(_usmulhisi3.o)
 .bss           0x00800100        0x0 c:/program files (x86)/atmel/studio/7.0/toolchain/avr8/avr8-gnu-toolchain/bin/../lib/gcc/avr/5.4.0/avr5\libgcc.a(_muluhisi3.o)
 .bss           0x00800100        0x0 c:/program files (x86)/atmel/studio/7.0/toolchain/avr8/avr8-gnu-toolchain/bin/../lib/gcc/avr/5.4.0/avr5\libgcc.a(_mulshisi3.o)
 .bss           0x00800100        0x0 c:/program files (x86)/atmel/studio/7.0/toolchain/avr8/avr8-gnu-toolchain/bin/../lib/gcc/avr/5.4.0/avr5\libgcc.a(_umulsidi3.o)
 .bss           0x00800100        0x0 c:/program files (x86)/atmel/studio/7.0/toolchain/avr8/avr8-gnu-toolchain/bin/../lib/gcc/avr/5.4.0/avr5\libgcc.a(_udivdi3.o)
 .bss           0x00800100        0x0 c:/program files (x86)/atmel/studio/7.0/toolchain/avr8/avr8-gnu-toolchain/bin/../lib/gcc/avr/5.4.0/avr5\libgcc.a(_udivmod64.o)
 .bss           0x00800100        0x0 c:/program files (x86)/atmel/studio/7.0/toolchain/avr8/avr8-gnu-toolchain/bin/../lib/gcc/avr/5.4.0/avr5\libgcc.a(_prologue.o)
 .bss           0x00800100        0x0 c:/program files (x86)/atmel/studio/7.0/toolchain/avr8/avr8-gnu-toolchain/bin/../lib/gcc/avr/5.4.0/avr5\libgcc.a(_epilogue.o)
 .bss           0x00800100        0x0 c:/program files (x86)/atmel/studio/7.0/toolchain/avr8/avr8-gnu-toolchain/bin/../lib/gcc/avr/5.4.0/avr5\libgcc.a(_muldi3_6.o)
 .bss           0x00800100        0x0 c:/program files (x86)/atmel/studio/7.0/toolchain/avr8/avr8-gnu-toolchain/bin/../lib/gcc/avr/5.4.0/../../../../avr/lib/avr5\libc.a(ultoa_ncheck.o)
 .bss           0x00800100        0x0 c:/program files (x86)/atmel/studio/7.0/toolchain/avr8/avr8-gnu-toolchain/bin/../lib/gcc/avr/5.4.0/../../../../avr/lib/avr5\libc.a(utoa.o)
 .bss           0x00800100        0x0 c:/program files (x86)/atmel/studio/7.0/toolchain/avr8/avr8-gnu-toolchain/bin/../lib/gcc/avr/5.4.0/../../../../avr/lib/avr5\libc.a(utoa_ncheck.o)
 .bss           0x00800100        0x0 c:/program files (x86)/atmel/studio/7.0/toolchain/avr8/avr8-gnu-toolchain/bin/../lib/gcc/avr/5.4.0/../../../../avr/lib/avr5\libc.a(strrev.o)
 .bss           0x00800100        0x0 c:/program files (x86)/atmel/studio/7.0/toolchain/avr8/avr8-gnu-toolchain/bin/../lib/gcc/avr/5.4.0/../../../../avr/lib/avr5\libatmega328p.a(eerd_byte.o)
 .bss           0x00800100        0x0 c:/program files (x86)/atmel/studio/7.0/toolchain/avr8/avr8-gnu-toolchain/bin/../lib/gcc/avr/5.4.0/../../../../avr/lib/avr5\libatmega328p.a(eerd_word.o)
 .bss           0x00800100        0x0 c:/program files (x86)/atmel/studio/7.0/toolchain/avr8/avr8-gnu-toolchain/bin/../lib/gcc/avr/5.4.0/../../../../avr/lib/avr5\libatmega328p.a(eewr_byte.o)
 .bss           0x00800100        0x0 c:/program files (x86)/atmel/studio/7.0/toolchain/avr8/avr8-gnu-toolchain/bin/../lib/gcc/avr/5.4.0/../../../../avr/lib/avr5\libatmega328p.a(eewr_word.o)
 .bss           0x00800100        0x0 c:/program files (x86)/atmel/studio/7.0/toolchain/avr8/avr8-gnu-toolchain/bin/../lib/gcc/avr/5.4.0/../../../../avr/lib/avr5\libatmega328p.a(eerd_block.o)
 *(.bss*)
 *(COMMON)
 COMMON         0x00800100        0xd lcd-routines.o
                0x00800100                last_text_column
                0x00800101                inductor_lpre
                0x00800102                last_text_line
                0x00800103                cell_mv
                0x00800109                inductor_lx
 COMMON         0x0080010d       0xa1 main.o
                0x0080010d                diode_sequence
                0x0080010e                ext_freq
                0x00800112                display_time
                0x00800114                resis680mi
                0x00800116                ref_mv_offs
                0x00800118                NumOfDiodes
                0x00800119                PartMode
                0x0080011a                PartFound
                0x0080011b                resis680pl
                0x0080011d                tmpval
                0x0080011e                adc_vcc_reference
                0x00800120                mess_count
                0x00800121                outval
                0x0080012b                ADCconfig
                0x00800131                pin_rpl
                0x00800133                ref_mv
                0x00800135                DC_Pwr_mode
                0x00800136                tmpval2
                0x00800137                UnCalibrated
                0x00800138                pin_rmi
                0x0080013a                WithReference
                0x0080013b                _lcd_column
                0x0080013c                _trans
                0x0080013e                last_line_used
                0x0080013f                ntrans
                0x0080014f                empty_count
                0x00800150                pin_combination
                0x00800151                ovcnt16
                0x00800153                ResistorChecked
                0x00800156                ResistorList
                0x00800159                ptrans
                0x00800169                pinchange_max
                0x0080016b                pinchange_count
                0x0080016d                adc_internal_reference
                0x0080016f                ResistorsFound
                0x00800170                unfinished
                0x00800171                RHmultip
                0x00800173                cap
                0x00800187                load_diff
                0x00800189                diodes
                0x008001a1                lcd_text_line
                0x008001a2                ResistorVal
 COMMON         0x008001ae        0xc sampling_lc.o
                0x008001ae                lc_fx
                0x008001b2                lc_cpartmp
                0x008001b4                lc_qx
                0x008001b6                lc_lx
                0x008001ba                PROVIDE (__bss_end, .)
                0x00006916                __data_load_start = LOADADDR (.data)
                0x00006916                __data_load_end = (__data_load_start + SIZEOF (.data))

.noinit         0x008001ba        0x0
                [!provide]                PROVIDE (__noinit_start, .)
 *(.noinit*)
                [!provide]                PROVIDE (__noinit_end, .)
                0x008001ba                _end = .
                [!provide]                PROVIDE (__heap_start, .)

.eeprom         0x00810000      0x33b
 *(.eeprom*)
 .eeprom        0x00810000      0x32e main.o
                0x00810006                cap_for_l_meas_str
                0x00810016                REF_R_str
                0x0081001d                REF_C_str
                0x00810024                MinCap_str
                0x0081002c                PrefixTab
                0x00810034                ResIcon3
                0x0081003c                ResIcon2
                0x00810044                ResIcon1
                0x0081004c                DiodeIcon2
                0x00810054                DiodeIcon1
                0x0081005c                CapIcon
                0x00810064                RDS_str
                0x00810069                CMETER_13_str
                0x0081006d                CAP_13_str
                0x00810074                RESIS_13_str
                0x0081007f                C_ESR_str
                0x0081008b                FatTP2_str
                0x00810091                T50HZ
                0x00810097                C0samp_str
                0x0081009f                C0_str
                0x008100a3                RILO_str
                0x008100aa                RIHI_str
                0x008100b1                R0_str
                0x008100b5                RHRL_str
                0x008100bb                RHRH_str
                0x008100c9                RLRL_str
                0x008100d7                RH1H_str
                0x008100db                RH1L_str
                0x008100df                RHfakt_str
                0x008100e4                URef_str
                0x008100e9                ICEs_str
                0x008100ef                ICE0_str
                0x008100f5                VERSION_str
                0x00810103                Inductor_str
                0x00810108                Resistor_str
                0x0081010d                Dioden
                0x00810112                zQ_str
                0x00810117                iF_str
                0x0081011c                AT05volt
                0x00810123                KatAn_str
                0x00810127                AnKat_str
                0x0081012b                Ir_str
                0x00810131                Lis_str
                0x00810134                VLOSS_str
                0x0081013c                ESR_str
                0x00810142                VCC_str
                0x00810147                Cell_str
                0x0081014d                CapZeich
                0x00810151                Vgs_str
                0x00810156                vt_str
                0x0081015b                Uf_str
                0x0081015f                Ube_str
                0x00810164                N123_str
                0x0081016a                PNP_str
                0x0081016e                NPN_str
                0x00810172                Cap_str
                0x00810175                GateCap_str
                0x00810178                hfe_str
                0x0081017b                igbt_str
                0x00810181                jfet_str
                0x00810186                mosfet_str
                0x0081018b                DC_Pwr_Mode_str
                0x00810197                OK_str
                0x0081019a                Bat_str
                0x008101a0                FREQ_str
                0x008101aa                SHORT_PROBES_str
                0x008101b8                FULLCHECK_str
                0x008101c1                TURN_str
                0x008101c7                SetCapCorr_str
                0x008101d8                PWM_10bit_str
                0x008101e3                F_GEN_str
                0x008101ef                OFF_str
                0x008101fa                SHOW_str
                0x00810204                VOLTAGE_str
                0x0081020c                TESTER_str
                0x00810217                SELECTION_str
                0x00810222                ATE
                0x0081022b                RELPROBE
                0x0081023b                SELFTEST
                0x0081024b                TestTimedOut
                0x00810254                Detected
                0x0081025e                TestFailed1
                0x0081026e                Unknown
                0x00810277                Thyristor
                0x00810280                Triac
                0x00810286                Bauteil
                0x0081028b                TestFailed2
                0x00810294                BatEmpty
                0x0081029b                BatWeak
                0x008102a0                TestRunning
                0x008102a9                RLtab
                0x00810303                EE_ESR_ZEROtab
                0x00810307                big_cap_corr
                0x00810308                c_zero_tab2_hi
                0x00810316                c_zero_tab2_lo
                0x00810324                c_zero_tab
                0x0081032b                ref_offset
                0x0081032d                RefDiff
 .eeprom        0x0081032e        0xb show_Resis_Cap.o
                0x0081032e                RL_METER_str
 .eeprom        0x00810339        0x2 sampling_lc.o
                0x00810339                lc_cpar_ee
                0x0081033b                __eeprom_end = .

.fuse
 *(.fuse)
 *(.lfuse)
 *(.hfuse)
 *(.efuse)

.lock
 *(.lock*)

.signature
 *(.signature*)

.user_signatures
 *(.user_signatures*)

.stab
 *(.stab)

.stabstr
 *(.stabstr)

.stab.excl
 *(.stab.excl)

.stab.exclstr
 *(.stab.exclstr)

.stab.index
 *(.stab.index)

.stab.indexstr
 *(.stab.indexstr)

.comment        0x00000000       0x30
 *(.comment)
 .comment       0x00000000       0x30 lcd-routines.o
                                 0x31 (size before relaxing)
 .comment       0x00000030       0x31 DisplayValue.o
 .comment       0x00000030       0x31 wait_for_key_ms.o
 .comment       0x00000030       0x31 main.o
 .comment       0x00000030       0x31 Battery_check.o
 .comment       0x00000030       0x31 CheckPins.o
 .comment       0x00000030       0x31 GetResistance.o
 .comment       0x00000030       0x31 ChargePin10ms.o
 .comment       0x00000030       0x31 EntladePins.o
 .comment       0x00000030       0x31 ReadCapacity.o
 .comment       0x00000030       0x31 Calibrate_UR.o
 .comment       0x00000030       0x31 show_Resis_Cap.o
 .comment       0x00000030       0x31 ReadInductance.o
 .comment       0x00000030       0x31 GetVloss.o
 .comment       0x00000030       0x31 GetFrequency.o
 .comment       0x00000030       0x31 function_menu.o
 .comment       0x00000030       0x31 message_key_released.o
 .comment       0x00000030       0x31 ReadBigCap.o
 .comment       0x00000030       0x31 CheckRotaryEncoder.o
 .comment       0x00000030       0x31 CalibrationCap.o
 .comment       0x00000030       0x31 ShowData.o
 .comment       0x00000030       0x31 CheckUJT.o
 .comment       0x00000030       0x31 EE_check_init.o
 .comment       0x00000030       0x31 sampling_cap.o
 .comment       0x00000030       0x31 sampling_lc.o
 .comment       0x00000030       0x31 sampling_xtal.o

.note.gnu.avr.deviceinfo
                0x00000000       0x40
 .note.gnu.avr.deviceinfo
                0x00000000       0x40 c:/program files (x86)/atmel/studio/7.0/toolchain/avr8/avr8-gnu-toolchain/bin/../lib/gcc/avr/5.4.0/../../../../avr/lib/avr5/crtatmega328p.o

.note.gnu.build-id
 *(.note.gnu.build-id)

.debug
 *(.debug)

.line
 *(.line)

.debug_srcinfo
 *(.debug_srcinfo)

.debug_sfnames
 *(.debug_sfnames)

.debug_aranges  0x00000000      0x4d0
 *(.debug_aranges)
 .debug_aranges
                0x00000000       0x20 lcd_hw_4_bit.o
 .debug_aranges
                0x00000020       0x20 lcd-routines.o
 .debug_aranges
                0x00000040       0x20 i2lcd.o
 .debug_aranges
                0x00000060       0x20 PinLayout.o
 .debug_aranges
                0x00000080       0x20 RvalOut.o
 .debug_aranges
                0x000000a0       0x20 UfAusgabe.o
 .debug_aranges
                0x000000c0       0x20 DisplayValue.o
 .debug_aranges
                0x000000e0       0x20 swuart.o
 .debug_aranges
                0x00000100       0x20 wait1000ms.o
 .debug_aranges
                0x00000120       0x20 sleep_5ms.o
 .debug_aranges
                0x00000140       0x20 ReadADC.o
 .debug_aranges
                0x00000160       0x20 wait_for_key_ms.o
 .debug_aranges
                0x00000180       0x20 RefVoltage.o
 .debug_aranges
                0x000001a0       0x20 get_log.o
 .debug_aranges
                0x000001c0       0x28 main.o
 .debug_aranges
                0x000001e8       0x20 Battery_check.o
 .debug_aranges
                0x00000208       0x20 CheckPins.o
 .debug_aranges
                0x00000228       0x20 GetResistance.o
 .debug_aranges
                0x00000248       0x20 ChargePin10ms.o
 .debug_aranges
                0x00000268       0x20 EntladePins.o
 .debug_aranges
                0x00000288       0x20 ReadCapacity.o
 .debug_aranges
                0x000002a8       0x20 GetRLmultip.o
 .debug_aranges
                0x000002c8       0x20 Calibrate_UR.o
 .debug_aranges
                0x000002e8       0x20 show_Resis_Cap.o
 .debug_aranges
                0x00000308       0x20 ReadInductance.o
 .debug_aranges
                0x00000328       0x20 GetESR.o
 .debug_aranges
                0x00000348       0x20 GetVloss.o
 .debug_aranges
                0x00000368       0x20 GetFrequency.o
 .debug_aranges
                0x00000388       0x20 function_menu.o
 .debug_aranges
                0x000003a8       0x20 message_key_released.o
 .debug_aranges
                0x000003c8       0x20 ReadBigCap.o
 .debug_aranges
                0x000003e8       0x18 CheckRotaryEncoder.o
 .debug_aranges
                0x00000400       0x18 CalibrationCap.o
 .debug_aranges
                0x00000418       0x20 ShowData.o
 .debug_aranges
                0x00000438       0x18 CheckUJT.o
 .debug_aranges
                0x00000450       0x20 EE_check_init.o
 .debug_aranges
                0x00000470       0x20 samplingADC.o
 .debug_aranges
                0x00000490       0x20 sampling_cap.o
 .debug_aranges
                0x000004b0       0x20 sampling_lc.o

.debug_pubnames
 *(.debug_pubnames)

.debug_info     0x00000000     0xb837
 *(.debug_info .gnu.linkonce.wi.*)
 .debug_info    0x00000000      0x5f4 c:/program files (x86)/atmel/studio/7.0/toolchain/avr8/avr8-gnu-toolchain/bin/../lib/gcc/avr/5.4.0/../../../../avr/lib/avr5/crtatmega328p.o
 .debug_info    0x000005f4       0x74 lcd_hw_4_bit.o
 .debug_info    0x00000668      0xcb2 lcd-routines.o
 .debug_info    0x0000131a       0x6d i2lcd.o
 .debug_info    0x00001387       0x71 PinLayout.o
 .debug_info    0x000013f8       0x6f RvalOut.o
 .debug_info    0x00001467       0x71 UfAusgabe.o
 .debug_info    0x000014d8      0x4c3 DisplayValue.o
 .debug_info    0x0000199b       0x6e swuart.o
 .debug_info    0x00001a09       0x72 wait1000ms.o
 .debug_info    0x00001a7b       0x71 sleep_5ms.o
 .debug_info    0x00001aec       0x6f ReadADC.o
 .debug_info    0x00001b5b      0x254 wait_for_key_ms.o
 .debug_info    0x00001daf       0x72 RefVoltage.o
 .debug_info    0x00001e21       0x6f get_log.o
 .debug_info    0x00001e90     0x32e3 main.o
 .debug_info    0x00005173      0x292 Battery_check.o
 .debug_info    0x00005405     0x1197 CheckPins.o
 .debug_info    0x0000659c      0x65b GetResistance.o
 .debug_info    0x00006bf7      0x116 ChargePin10ms.o
 .debug_info    0x00006d0d      0x1d4 EntladePins.o
 .debug_info    0x00006ee1      0x624 ReadCapacity.o
 .debug_info    0x00007505       0x73 GetRLmultip.o
 .debug_info    0x00007578      0x300 Calibrate_UR.o
 .debug_info    0x00007878      0xb38 show_Resis_Cap.o
 .debug_info    0x000083b0      0x4a1 ReadInductance.o
 .debug_info    0x00008851       0x6e GetESR.o
 .debug_info    0x000088bf      0x35d GetVloss.o
 .debug_info    0x00008c1c      0x3cf GetFrequency.o
 .debug_info    0x00008feb      0xadc function_menu.o
 .debug_info    0x00009ac7      0x177 message_key_released.o
 .debug_info    0x00009c3e      0x3e2 ReadBigCap.o
 .debug_info    0x0000a020       0xae CheckRotaryEncoder.o
 .debug_info    0x0000a0ce       0xae CalibrationCap.o
 .debug_info    0x0000a17c      0x6c6 ShowData.o
 .debug_info    0x0000a842       0xae CheckUJT.o
 .debug_info    0x0000a8f0       0xcc EE_check_init.o
 .debug_info    0x0000a9bc       0x73 samplingADC.o
 .debug_info    0x0000aa2f      0x639 sampling_cap.o
 .debug_info    0x0000b068      0x7cf sampling_lc.o

.debug_abbrev   0x00000000     0x27d4
 *(.debug_abbrev)
 .debug_abbrev  0x00000000      0x5a2 c:/program files (x86)/atmel/studio/7.0/toolchain/avr8/avr8-gnu-toolchain/bin/../lib/gcc/avr/5.4.0/../../../../avr/lib/avr5/crtatmega328p.o
 .debug_abbrev  0x000005a2       0x14 lcd_hw_4_bit.o
 .debug_abbrev  0x000005b6      0x23e lcd-routines.o
 .debug_abbrev  0x000007f4       0x14 i2lcd.o
 .debug_abbrev  0x00000808       0x14 PinLayout.o
 .debug_abbrev  0x0000081c       0x14 RvalOut.o
 .debug_abbrev  0x00000830       0x14 UfAusgabe.o
 .debug_abbrev  0x00000844      0x1b4 DisplayValue.o
 .debug_abbrev  0x000009f8       0x14 swuart.o
 .debug_abbrev  0x00000a0c       0x14 wait1000ms.o
 .debug_abbrev  0x00000a20       0x14 sleep_5ms.o
 .debug_abbrev  0x00000a34       0x14 ReadADC.o
 .debug_abbrev  0x00000a48      0x11e wait_for_key_ms.o
 .debug_abbrev  0x00000b66       0x14 RefVoltage.o
 .debug_abbrev  0x00000b7a       0x14 get_log.o
 .debug_abbrev  0x00000b8e      0x33b main.o
 .debug_abbrev  0x00000ec9       0xe7 Battery_check.o
 .debug_abbrev  0x00000fb0      0x1bd CheckPins.o
 .debug_abbrev  0x0000116d      0x16f GetResistance.o
 .debug_abbrev  0x000012dc       0xac ChargePin10ms.o
 .debug_abbrev  0x00001388       0xca EntladePins.o
 .debug_abbrev  0x00001452      0x1b2 ReadCapacity.o
 .debug_abbrev  0x00001604       0x14 GetRLmultip.o
 .debug_abbrev  0x00001618      0x104 Calibrate_UR.o
 .debug_abbrev  0x0000171c      0x20d show_Resis_Cap.o
 .debug_abbrev  0x00001929      0x16f ReadInductance.o
 .debug_abbrev  0x00001a98       0x14 GetESR.o
 .debug_abbrev  0x00001aac      0x14f GetVloss.o
 .debug_abbrev  0x00001bfb      0x151 GetFrequency.o
 .debug_abbrev  0x00001d4c      0x23d function_menu.o
 .debug_abbrev  0x00001f89       0xd8 message_key_released.o
 .debug_abbrev  0x00002061      0x18b ReadBigCap.o
 .debug_abbrev  0x000021ec       0x56 CheckRotaryEncoder.o
 .debug_abbrev  0x00002242       0x56 CalibrationCap.o
 .debug_abbrev  0x00002298       0xf2 ShowData.o
 .debug_abbrev  0x0000238a       0x56 CheckUJT.o
 .debug_abbrev  0x000023e0       0x72 EE_check_init.o
 .debug_abbrev  0x00002452       0x14 samplingADC.o
 .debug_abbrev  0x00002466      0x192 sampling_cap.o
 .debug_abbrev  0x000025f8      0x1dc sampling_lc.o

.debug_line     0x00000000     0x7e10
 *(.debug_line .debug_line.* .debug_line_end)
 .debug_line    0x00000000       0x1a c:/program files (x86)/atmel/studio/7.0/toolchain/avr8/avr8-gnu-toolchain/bin/../lib/gcc/avr/5.4.0/../../../../avr/lib/avr5/crtatmega328p.o
 .debug_line    0x0000001a      0x14e lcd_hw_4_bit.o
 .debug_line    0x00000168      0x53e lcd-routines.o
 .debug_line    0x000006a6       0xbc i2lcd.o
 .debug_line    0x00000762      0x151 PinLayout.o
 .debug_line    0x000008b3      0x106 RvalOut.o
 .debug_line    0x000009b9      0x264 UfAusgabe.o
 .debug_line    0x00000c1d      0x2fa DisplayValue.o
 .debug_line    0x00000f17       0xa5 swuart.o
 .debug_line    0x00000fbc      0x11c wait1000ms.o
 .debug_line    0x000010d8      0x120 sleep_5ms.o
 .debug_line    0x000011f8      0x26f ReadADC.o
 .debug_line    0x00001467      0x1f7 wait_for_key_ms.o
 .debug_line    0x0000165e      0x1db RefVoltage.o
 .debug_line    0x00001839       0xfa get_log.o
 .debug_line    0x00001933     0x138f main.o
 .debug_line    0x00002cc2      0x193 Battery_check.o
 .debug_line    0x00002e55      0xb1c CheckPins.o
 .debug_line    0x00003971      0x335 GetResistance.o
 .debug_line    0x00003ca6      0x111 ChargePin10ms.o
 .debug_line    0x00003db7      0x246 EntladePins.o
 .debug_line    0x00003ffd      0x594 ReadCapacity.o
 .debug_line    0x00004591      0x188 GetRLmultip.o
 .debug_line    0x00004719      0x213 Calibrate_UR.o
 .debug_line    0x0000492c      0x4c1 show_Resis_Cap.o
 .debug_line    0x00004ded      0x3f6 ReadInductance.o
 .debug_line    0x000051e3      0x8a4 GetESR.o
 .debug_line    0x00005a87      0x25c GetVloss.o
 .debug_line    0x00005ce3      0x38f GetFrequency.o
 .debug_line    0x00006072      0x86b function_menu.o
 .debug_line    0x000068dd      0x127 message_key_released.o
 .debug_line    0x00006a04      0x2f2 ReadBigCap.o
 .debug_line    0x00006cf6       0xa3 CheckRotaryEncoder.o
 .debug_line    0x00006d99       0xa3 CalibrationCap.o
 .debug_line    0x00006e3c      0x2b2 ShowData.o
 .debug_line    0x000070ee       0xa3 CheckUJT.o
 .debug_line    0x00007191       0xc7 EE_check_init.o
 .debug_line    0x00007258      0x2fd samplingADC.o
 .debug_line    0x00007555      0x34b sampling_cap.o
 .debug_line    0x000078a0      0x570 sampling_lc.o
 .debug_line    0x00007e10        0x0 sampling_xtal.o

.debug_frame    0x00000000      0xc4c
 *(.debug_frame)
 .debug_frame   0x00000000      0x22c lcd-routines.o
 .debug_frame   0x0000022c       0x94 DisplayValue.o
 .debug_frame   0x000002c0       0x5c wait_for_key_ms.o
 .debug_frame   0x0000031c      0x14c main.o
 .debug_frame   0x00000468       0x38 Battery_check.o
 .debug_frame   0x000004a0       0x5c CheckPins.o
 .debug_frame   0x000004fc       0x48 GetResistance.o
 .debug_frame   0x00000544       0x2c ChargePin10ms.o
 .debug_frame   0x00000570       0x3c EntladePins.o
 .debug_frame   0x000005ac       0xb4 ReadCapacity.o
 .debug_frame   0x00000660       0x40 Calibrate_UR.o
 .debug_frame   0x000006a0       0xd4 show_Resis_Cap.o
 .debug_frame   0x00000774       0x4c ReadInductance.o
 .debug_frame   0x000007c0       0x40 GetVloss.o
 .debug_frame   0x00000800       0xe8 GetFrequency.o
 .debug_frame   0x000008e8      0x10c function_menu.o
 .debug_frame   0x000009f4       0x30 message_key_released.o
 .debug_frame   0x00000a24       0x3c ReadBigCap.o
 .debug_frame   0x00000a60       0x48 ShowData.o
 .debug_frame   0x00000aa8       0x24 EE_check_init.o
 .debug_frame   0x00000acc       0xdc sampling_cap.o
 .debug_frame   0x00000ba8       0xa4 sampling_lc.o

.debug_str      0x00000000     0x1912
 *(.debug_str)
 .debug_str     0x00000000      0x208 c:/program files (x86)/atmel/studio/7.0/toolchain/avr8/avr8-gnu-toolchain/bin/../lib/gcc/avr/5.4.0/../../../../avr/lib/avr5/crtatmega328p.o
 .debug_str     0x00000208      0x475 lcd-routines.o
                                0x4d4 (size before relaxing)
 .debug_str     0x0000067d       0xab DisplayValue.o
                                0x287 (size before relaxing)
 .debug_str     0x00000728       0x59 wait_for_key_ms.o
                                0x251 (size before relaxing)
 .debug_str     0x00000781      0x941 main.o
                                0xd7e (size before relaxing)
 .debug_str     0x000010c2       0x33 Battery_check.o
                                0x258 (size before relaxing)
 .debug_str     0x000010f5      0x175 CheckPins.o
                                0x3ed (size before relaxing)
 .debug_str     0x0000126a       0x33 GetResistance.o
                                0x375 (size before relaxing)
 .debug_str     0x0000129d       0x2f ChargePin10ms.o
                                0x1c2 (size before relaxing)
 .debug_str     0x000012cc       0x31 EntladePins.o
                                0x1e9 (size before relaxing)
 .debug_str     0x000012fd       0xd7 ReadCapacity.o
                                0x3fa (size before relaxing)
 .debug_str     0x000013d4       0x30 Calibrate_UR.o
                                0x27e (size before relaxing)
 .debug_str     0x00001404       0xef show_Resis_Cap.o
                                0x4bd (size before relaxing)
 .debug_str     0x000014f3       0x92 ReadInductance.o
                                0x32a (size before relaxing)
 .debug_str     0x00001585       0x20 GetVloss.o
                                0x270 (size before relaxing)
 .debug_str     0x000015a5       0x76 GetFrequency.o
                                0x2ac (size before relaxing)
 .debug_str     0x0000161b      0x122 function_menu.o
                                0x510 (size before relaxing)
 .debug_str     0x0000173d       0x21 message_key_released.o
                                0x1e4 (size before relaxing)
 .debug_str     0x0000175e       0x18 ReadBigCap.o
                                0x2d1 (size before relaxing)
 .debug_str     0x00001776       0x18 CheckRotaryEncoder.o
                                0x18b (size before relaxing)
 .debug_str     0x0000178e       0x14 CalibrationCap.o
                                0x187 (size before relaxing)
 .debug_str     0x000017a2        0xe ShowData.o
                                0x30a (size before relaxing)
 .debug_str     0x000017b0        0xe CheckUJT.o
                                0x181 (size before relaxing)
 .debug_str     0x000017be       0x21 EE_check_init.o
                                0x194 (size before relaxing)
 .debug_str     0x000017df       0x60 sampling_cap.o
                                0x338 (size before relaxing)
 .debug_str     0x0000183f       0xc0 sampling_lc.o
                                0x3bc (size before relaxing)
 .debug_str     0x000018ff       0x13 sampling_xtal.o
                                 0xed (size before relaxing)

.debug_loc      0x00000000     0x6746
 *(.debug_loc)
 .debug_loc     0x00000000      0x446 lcd-routines.o
 .debug_loc     0x00000446      0x4c2 DisplayValue.o
 .debug_loc     0x00000908      0x14a wait_for_key_ms.o
 .debug_loc     0x00000a52      0xaa2 main.o
 .debug_loc     0x000014f4       0x8b Battery_check.o
 .debug_loc     0x0000157f     0x1a9d CheckPins.o
 .debug_loc     0x0000301c      0x7fd GetResistance.o
 .debug_loc     0x00003819       0x72 ChargePin10ms.o
 .debug_loc     0x0000388b      0x19f EntladePins.o
 .debug_loc     0x00003a2a      0x3ab ReadCapacity.o
 .debug_loc     0x00003dd5       0x72 Calibrate_UR.o
 .debug_loc     0x00003e47      0x366 show_Resis_Cap.o
 .debug_loc     0x000041ad      0x3f5 ReadInductance.o
 .debug_loc     0x000045a2      0x23c GetVloss.o
 .debug_loc     0x000047de      0x349 GetFrequency.o
 .debug_loc     0x00004b27      0x8be function_menu.o
 .debug_loc     0x000053e5       0xa9 message_key_released.o
 .debug_loc     0x0000548e      0x106 ReadBigCap.o
 .debug_loc     0x00005594      0x101 ShowData.o
 .debug_loc     0x00005695      0x6af sampling_cap.o
 .debug_loc     0x00005d44      0xa02 sampling_lc.o

.debug_macinfo
 *(.debug_macinfo)

.debug_weaknames
 *(.debug_weaknames)

.debug_funcnames
 *(.debug_funcnames)

.debug_typenames
 *(.debug_typenames)

.debug_varnames
 *(.debug_varnames)

.debug_pubtypes
 *(.debug_pubtypes)

.debug_ranges   0x00000000       0x98
 *(.debug_ranges)
 .debug_ranges  0x00000000       0x38 main.o
 .debug_ranges  0x00000038       0x20 function_menu.o
 .debug_ranges  0x00000058       0x18 sampling_cap.o
 .debug_ranges  0x00000070       0x28 sampling_lc.o

.debug_macro
 *(.debug_macro)
OUTPUT(TransistorTester.elf elf32-avr)
LOAD linker stubs